cmdq_sec.c:284:9:cmdq_sec_fill_iwc_command_basic_unlocked	48	static
cmdq_sec.c:439:9:cmdq_sec_fill_iwc_cancel_msg_unlocked	64	static
cmdq_sec.c:302:9:cmdq_sec_fill_iwc_command_msg_unlocked	96	static
cmdq_sec.c:400:9:cmdq_sec_fill_iwc_resource_msg_unlocked	48	static
cmdq_sec.c:571:6:cmdq_sec_handle_attach_status.part.3	160	static
cmdq_sec.c:58:9:cmdq_sec_open_mobicore_impl	64	static
cmdq_sec.c:94:9:cmdq_sec_close_mobicore_impl	32	static
cmdq_sec.c:116:9:cmdq_sec_allocate_wsm_impl	48	static
cmdq_sec.c:144:9:cmdq_sec_free_wsm_impl	32	static
cmdq_sec.c:160:9:cmdq_sec_open_session_impl	80	static
cmdq_sec.c:205:9:cmdq_sec_close_session_impl	32	static
cmdq_sec.c:217:9:cmdq_sec_init_session_unlocked	64	static
cmdq_sec.c:462:9:cmdq_sec_execute_session_unlocked	64	static
cmdq_sec.c:512:6:cmdq_sec_deinit_session_unlocked	48	static
cmdq_sec.c:551:9:cmdq_sec_setup_context_session	32	static
cmdq_sec.c:571:6:cmdq_sec_handle_attach_status	16	static
cmdq_sec.c:645:9:cmdq_sec_handle_session_reply_unlocked	64	static
cmdq_sec.c:706:18:cmdq_sec_get_iwc_msg_fill_cb_by_iwc_command	0	static
cmdq_sec.c:731:9:cmdq_sec_send_context_session_message	64	static
cmdq_sec.c:768:9:cmdq_sec_teardown_context_session	32	static
cmdq_sec.c:790:6:cmdq_sec_track_task_record	0	static
cmdq_sec.c:952:9:cmdq_sec_fill_iwc_command_sectrace_unlocked	48	static
cmdq_sec.c:1093:9:cmdq_sec_sectrace_init	0	static
cmdq_sec.c:1117:9:cmdq_sec_sectrace_deinit	0	static
cmdq_sec.c:1132:9:cmdq_sec_create_shared_memory	80	static
cmdq_sec.c:1164:9:cmdq_sec_destroy_shared_memory	32	static
cmdq_sec.c:1262:22:cmdq_sec_context_handle_create	32	static
cmdq_sec.c:807:9:cmdq_sec_submit_to_secure_world_async_unlocked	384	static
cmdq_sec.c:1178:9:cmdq_sec_exec_task_async_unlocked	32	static
cmdq_sec.c:1199:9:cmdq_sec_cancel_error_task_unlocked	48	static
cmdq_sec.c:1227:9:cmdq_sec_allocate_path_resource_unlocked	48	static
cmdq_sec.c:934:9:cmdq_sec_init_allocate_resource_thread	32	static
cmdq_sec.c:1285:6:cmdq_sec_lock_secure_path	16	static
cmdq_sec.c:1292:6:cmdq_sec_unlock_secure_path	16	static
cmdq_sec.c:1297:6:cmdqSecDeInitialize	0	static
cmdq_sec.c:1301:6:cmdqSecInitialize	0	static
cmdq_sec.c:1306:6:cmdqSecEnableProfile	32	static
