modem_cldma.c:1741:5:md_cd_op_is_epon_set	0	static
modem_cldma.c:2430:12:md_cd_write_room	0	static
modem_cldma.c:3617:16:md_cd_parameter_store	0	static
modem_cldma_events.h:210:1:ftrace_define_fields_ccci_skb_rx	16	static
modem_cldma_events.h:91:1:perf_trace_cldma_irq	368	static
modem_cldma_events.h:101:1:perf_trace_cldma_rx	400	static
modem_cldma_events.h:125:1:perf_trace_cldma_rx_done	400	static
modem_cldma_events.h:151:1:perf_trace_cldma_tx	400	static
modem_cldma_events.h:179:1:perf_trace_cldma_tx_done	368	static
modem_cldma_events.h:195:1:perf_trace_cldma_error	384	static
modem_cldma_events.h:91:1:ftrace_raw_event_cldma_irq	96	static
modem_cldma_events.h:101:1:ftrace_raw_event_cldma_rx	144	static
modem_cldma_events.h:125:1:ftrace_raw_event_cldma_rx_done	144	static
modem_cldma_events.h:151:1:ftrace_raw_event_cldma_tx	144	static
modem_cldma_events.h:179:1:ftrace_raw_event_cldma_tx_done	112	static
modem_cldma_events.h:195:1:ftrace_raw_event_cldma_error	112	static
modem_cldma_events.h:91:1:ftrace_raw_output_cldma_irq	32	static
modem_cldma_events.h:101:1:ftrace_raw_output_cldma_rx	48	static
modem_cldma_events.h:125:1:ftrace_raw_output_cldma_rx_done	48	static
modem_cldma_events.h:151:1:ftrace_raw_output_cldma_tx	48	static
modem_cldma_events.h:179:1:ftrace_raw_output_cldma_tx_done	32	static
modem_cldma_events.h:195:1:ftrace_raw_output_cldma_error	32	static
modem_cldma_events.h:210:1:ftrace_raw_output_ccci_skb_rx	48	static
modem_cldma_events.h:210:1:perf_trace_ccci_skb_rx	352	static
modem_cldma_events.h:210:1:ftrace_raw_event_ccci_skb_rx	96	static
modem_cldma.c:1017:13:cldma_queue_switch_ring	16	static
modem_cldma.c:249:13:cldma_dump_gpd_queue	128	static
modem_cldma.c:2025:12:md_cd_init	32	static
modem_cldma.c:294:6:md_cd_traffic_monitor_func	368	static
modem_cldma.c:1789:6:md_cd_hs1_polling_timer_func	32	static
modem_cldma.c:3922:19:modem_cd_init	32	static
modem_cldma.c:3605:16:md_cd_parameter_show	32	static
modem_cldma.c:1800:12:md_cd_ccif_send	32	static
modem_cldma.c:3379:12:md_cd_send_ccb_tx_notify	32	static
modem_cldma.c:3198:12:md_cd_force_assert	32	static
modem_cldma.c:1620:12:md_cd_stop_queue	128	static
modem_cldma.c:1652:12:md_cd_start_queue	80	static
modem_cldma.c:704:13:cldma_rx_done	64	static
modem_cldma.c:1115:13:cldma_rx_worker_start	32	static
modem_cldma.c:2729:12:md_cd_give_more	64	static
modem_cldma.c:1127:13:cldma_irq_work_cb	144	static
modem_cldma.c:1258:13:cldma_irq_work	16	static
modem_cldma.c:1240:20:cldma_isr	32	static
modem_cldma.c:2744:13:md_cldma_rxq0_tasklet	48	static
modem_cldma.c:1888:13:polling_ready	48	static
modem_cldma.c:2504:12:cldma_gpd_handle_tx_request	96	static
modem_cldma.c:2440:12:cldma_gpd_bd_handle_tx_request	144	static
modem_cldma.c:1547:13:md_cd_clear_all_queue	112	static
modem_cldma.c:2044:12:md_cd_set_dsp_mpu	16	static
modem_cldma.c:387:13:cldma_dump_queue_history	64	static
modem_cldma.c:3258:12:md_cd_dump_info	192	static
modem_cldma.c:3446:16:md_cd_control_show	0	static
modem_cldma.c:3416:16:md_cd_dump_show	0	static
modem_cldma.c:2884:13:md_cd_smem_sub_region_init	16	static
modem_cldma.c:3002:12:md_cd_send_runtime_data	192	static
modem_cldma.c:2767:12:md_cd_napi_poll	80	static
modem_cldma.c:862:13:cldma_tx_done	80	static
modem_cldma.c:2543:12:md_cd_send_skb	240	static
modem_cldma.c:2312:12:md_cd_soft_stop	16	static
modem_cldma.c:2307:12:md_cd_soft_start	16	static
modem_cldma.c:785:12:cldma_gpd_tx_collect	144	static
modem_cldma.c:720:12:cldma_gpd_bd_tx_collect	128	static
modem_cldma.c:439:12:cldma_gpd_rx_collect	240	static
modem_cldma.c:666:12:cldma_net_rx_push_thread	128	static
modem_cldma.c:955:13:cldma_tx_ring_init	208	static
modem_cldma.c:921:13:cldma_rx_ring_init	160	static
modem_cldma.c:3424:16:md_cd_dump_store	48	static
modem_cldma.c:3728:12:ccci_modem_probe	112	static
modem_cldma_events.h:91:1:ftrace_define_fields_cldma_irq	32	static
modem_cldma_events.h:101:1:ftrace_define_fields_cldma_rx	32	static
modem_cldma_events.h:125:1:ftrace_define_fields_cldma_rx_done	32	static
modem_cldma_events.h:151:1:ftrace_define_fields_cldma_tx	32	static
modem_cldma_events.h:179:1:ftrace_define_fields_cldma_tx_done	32	static
modem_cldma_events.h:195:1:ftrace_define_fields_cldma_error	32	static
modem_cldma.c:1997:12:md_cd_broadcast_state	48	static
modem_cldma.c:121:6:dbgcontrol_assert_modem	16	static
modem_cldma.c:1094:6:cldma_enable_irq	16	static
modem_cldma.c:1100:6:cldma_disable_irq	16	static
modem_cldma.c:1106:6:cldma_disable_irq_nosync	16	static
modem_cldma.c:1266:13:dump_emi_latency	16	static
modem_cldma.c:1847:13:md_cd_exception	128	static
modem_cldma.c:1909:13:md_cd_ccif_work	32	static
modem_cldma.c:1697:6:ccif_enable_irq	32	static
modem_cldma.c:1707:6:ccif_disable_irq	32	static
modem_cldma.c:2390:12:md_cd_stop	144	static
modem_cldma.c:1928:20:md_cd_ccif_isr	48	static
modem_cldma.c:1717:6:wdt_enable_irq	32	static
modem_cldma.c:2050:12:md_cd_start	192	static
modem_cldma.c:1727:6:wdt_disable_irq	32	static
modem_cldma.c:3370:12:md_cd_ee_callback	32	static
modem_cldma.c:2317:12:md_cd_pre_stop	64	static
modem_cldma.c:1754:20:md_cd_wdt_isr	32	static
modem_cldma.c:3454:16:md_cd_control_store	144	static
