mt_cpufreq.c:469:6:mt_cpufreq_setvolt_registerCB	0	static
mt_cpufreq.c:927:6:mt_cpufreq_set_ptbl_registerCB	0	static
mt_cpufreq.c:3470:12:_mt_cpufreq_resume	0	static
mt_cpufreq.c:1965:13:dump_opp_table	64	static
mt_cpufreq.c:1592:13:_cci_clock_switch	32	static
mt_cpufreq.c:1407:26:_get_cpu_clock_switch	48	static
mt_cpufreq.c:1558:30:_get_cci_clock_switch	48	static
mt_cpufreq.c:1009:14:mt_cpufreq_get_freq_by_idx	64	static
mt_cpufreq.c:1372:13:_cpu_clock_switch	48	static
mt_cpufreq.c:1158:21:_cpu_freq_calc	48	static
mt_cpufreq.c:1242:21:get_cur_phy_freq_L	64	static
mt_cpufreq.c:1272:21:get_cur_phy_freq_LL	48	static
mt_cpufreq.c:933:12:_set_cur_volt_locked	48	static
mt_cpufreq.c:1909:14:mt_cpufreq_get_cur_volt	48	static
mt_cpufreq.c:2410:21:_search_available_volt	48	static
mt_cpufreq.c:2639:12:_search_available_freq_idx_under_v	48	static
mt_cpufreq.c:1524:13:adjust_cci_div	16	static
mt_cpufreq.c:1501:13:adjust_clkdiv	16	static
mt_cpufreq.c:1882:21:get_cur_volt_extbuck	80	static
mt_cpufreq.c:1619:13:cci_switch_from_to	64	static
mt_cpufreq.c:1474:13:adjust_posdiv	32	static
mt_cpufreq.c:1640:13:set_cur_freq	112	static
mt_cpufreq.c:3314:21:_mt_cpufreq_get	32	static
mt_cpufreq.c:2969:21:_calc_new_opp_idx	64	static
mt_cpufreq.c:2868:12:_sync_opp_tbl_idx	48	static
mt_cpufreq.c:3333:13:__set_cpuhvfs_init_sta	96	static
mt_cpufreq.c:3143:12:_mt_cpufreq_verify	32	static
mt_cpufreq.c:373:21:_mt_cpufreq_get_cpu_level	80	static
mt_cpufreq.c:3355:12:_mt_cpufreq_syscore_suspend	16	static
mt_cpufreq.c:3490:12:_mt_cpufreq_pdrv_probe	176	static
mt_cpufreq.c:4301:12:_create_procfs	256	static
mt_cpufreq.c:4299:1:cpufreq_dvfs_time_profile_proc_open	32	static
mt_cpufreq.c:4298:1:cpufreq_turbo_mode_proc_open	32	static
mt_cpufreq.c:4297:1:cpufreq_volt_proc_open	32	static
mt_cpufreq.c:4296:1:cpufreq_freq_proc_open	32	static
mt_cpufreq.c:4295:1:cpufreq_oppidx_proc_open	32	static
mt_cpufreq.c:4292:1:enable_cpuhvfs_proc_open	32	static
mt_cpufreq.c:4290:1:cpufreq_power_mode_proc_open	32	static
mt_cpufreq.c:4289:1:cpufreq_stress_test_proc_open	32	static
mt_cpufreq.c:4288:1:cpufreq_debug_proc_open	32	static
mt_cpufreq.c:4218:12:cpufreq_dvfs_time_profile_proc_show	64	static
mt_cpufreq.c:4187:12:cpufreq_turbo_mode_proc_show	16	static
mt_cpufreq.c:4072:12:cpufreq_freq_proc_show	32	static
mt_cpufreq.c:4016:12:cpufreq_oppidx_proc_show	64	static
mt_cpufreq.c:3948:12:enable_cpuhvfs_proc_show	16	static
mt_cpufreq.c:3921:12:cpufreq_stress_test_proc_show	16	static
mt_cpufreq.c:3833:12:cpufreq_debug_proc_show	16	static
mt_cpufreq.c:3809:14:_copy_from_user_for_proc	48	static
mt_cpufreq.c:4230:16:cpufreq_dvfs_time_profile_proc_write	64	static
mt_cpufreq.c:4196:16:cpufreq_turbo_mode_proc_write	64	static
mt_cpufreq.c:4159:16:cpufreq_volt_proc_write	80	static
mt_cpufreq.c:4032:16:cpufreq_oppidx_proc_write	64	static
mt_cpufreq.c:3903:16:cpufreq_power_mode_proc_write	48	static
mt_cpufreq.c:3928:16:cpufreq_stress_test_proc_write	48	static
mt_cpufreq.c:3840:16:cpufreq_debug_proc_write	48	static
mt_cpufreq.c:3955:16:enable_cpuhvfs_proc_write	128	static
mt_cpufreq.c:3861:12:cpufreq_power_mode_proc_show	16	static
mt_cpufreq.c:1924:21:_calc_pmic_settle_time.part.0	0	static
mt_cpufreq.c:2386:12:set_cur_volt_hybrid	16	static
mt_cpufreq.c:663:13:aee_record_cpu_volt	16	static
mt_cpufreq.c:1797:13:set_cur_freq_hybrid	80	static
mt_cpufreq.c:1854:21:get_cur_vsram.isra.5	32	static
mt_cpufreq.c:2171:12:set_cur_volt_extbuck	160	static
mt_cpufreq.c:4422:19:_mt_cpufreq_pdrv_init	80	static
mt_cpufreq.c:4144:12:cpufreq_volt_proc_show	64	static
mt_cpufreq.c:3410:1:_mt_cpufreq_pm_callback	64	static
mt_cpufreq.c:4478:20:_mt_cpufreq_pdrv_exit	32	static
mt_cpufreq.c:3584:12:_mt_cpufreq_pdrv_remove	32	static
mt_cpufreq.c:1134:13:_kick_PBM_by_cpu.isra.10	160	static
mt_cpufreq.c:2662:22:_mt_cpufreq_cpu_CB	144	static
mt_cpufreq.c:4081:16:cpufreq_freq_proc_write	96	static
mt_cpufreq.c:2560:13:_mt_cpufreq_set	192	static
mt_cpufreq.c:3165:12:_mt_cpufreq_target	96	static
mt_cpufreq.c:3007:13:ppm_limit_callback	224	static
mt_cpufreq.c:3216:12:_mt_cpufreq_init	96	static
mt_cpufreq.c:3363:13:_mt_cpufreq_syscore_resume	112	static
mt_cpufreq.c:2393:21:get_cur_volt_hybrid	32	static
mt_cpufreq.c:895:12:_search_available_freq_idx.isra.1.constprop	48	static
mt_cpufreq.c:1090:6:mt_cpufreq_restore_default_volt	80	static
mt_cpufreq.c:1030:5:mt_cpufreq_update_volt	96	static
mt_cpufreq.c:3309:12:_mt_cpufreq_exit	0	static
mt_cpufreq.c:3450:12:_mt_cpufreq_suspend	0	static
mt_cpufreq.c:885:5:get_turbo_freq	0	static
mt_cpufreq.c:890:5:get_turbo_volt	0	static
mt_cpufreq.c:1111:14:mt_cpufreq_get_leakage_mw	32	static
mt_cpufreq.c:1331:14:mt_cpufreq_get_cur_phy_freq	64	static
mt_cpufreq.c:1427:5:mt_cpufreq_clock_switch	16	static
mt_cpufreq.c:1439:19:mt_cpufreq_get_clock_switch	16	static
mt_cpufreq.c:3892:5:mt_cpufreq_get_chip_id_38	0	static
mt_cpufreq.c:3898:5:mt_cpufreq_get_ppb_state	0	static
