imx230mipi_Sensor.c:3141:19:close	16	static
imx230mipi_Sensor.c:910:19:gain2reg	32	static
imx230mipi_Sensor.c:3312:19:get_resolution	32	static
imx230mipi_Sensor.c:3333:19:get_info	32	static
imx230mipi_Sensor.c:544:13:write_cmos_sensor	32	static
imx230mipi_Sensor.c:2097:13:capture_setting_HDR_ES2	176	static
imx230mipi_Sensor.c:2236:13:capture_setting_pdaf	192	static
imx230mipi_Sensor.c:1866:13:capture_setting	176	static
imx230mipi_Sensor.c:2483:13:normal_video_setting_pdaf	176	static
imx230mipi_Sensor.c:2618:13:normal_video_setting	176	static
imx230mipi_Sensor.c:1136:13:set_mirror_flip	64	static
imx230mipi_Sensor.c:2737:13:hs_video_setting	176	static
imx230mipi_Sensor.c:2854:13:slim_video_setting	176	static
imx230mipi_Sensor.c:1726:13:preview_setting_HDR_ES2	176	static
imx230mipi_Sensor.c:1589:13:preview_setting	176	static
imx230mipi_Sensor.c:645:13:set_max_framerate	80	static
imx230mipi_Sensor.c:692:13:set_shutter	80	static
imx230mipi_Sensor.c:1224:13:sensor_init	176	static
imx230mipi_Sensor.c:534:19:read_cmos_sensor	32	static
imx230mipi_Sensor.c:638:19:return_sensor_id	64	static
imx230mipi_Sensor.c:579:19:get_sensor_version	32	static
imx230mipi_Sensor.c:3638:19:feature_control	112	static
imx230mipi_Sensor.c:3061:19:open	96	static
imx230mipi_Sensor.c:3168:19:preview.isra.5	48	static
imx230mipi_Sensor.c:3437:19:control	64	static
imx230mipi_Sensor.c:3822:8:IMX230_MIPI_RAW_SensorInit	0	static
