gl_wext.c:3103:12:wext_set_passive_scan	48	static
gl_wext.c:3934:23:wext_get_wireless_stats	64	static
gl_wext.c:1305:1:wext_set_scan.isra.11	80	static
gl_wext.c:2793:1:wext_set_encode_ext.isra.20	96	static
gl_wext.c:210:1:wextSrchDesiredWPAIE	64	static
gl_wext.c:261:9:wextSrchDesiredWAPIIE	48	static
gl_wext.c:302:9:wextIsDesiredHS20IE	32	static
gl_wext.c:335:9:wextIsDesiredInterworkingIE	32	static
gl_wext.c:375:9:wextIsDesiredAdvProtocolIE	32	static
gl_wext.c:404:9:wextIsDesiredRoamingConsortiumIE	32	static
gl_wext.c:433:9:wextSrchDesiredHS20IE	64	static
gl_wext.c:476:9:wextSrchDesiredOsenIE	64	static
gl_wext.c:518:9:wextSrchDesiredInterworkingIE	48	static
gl_wext.c:557:9:wextSrchDesiredAdvProtocolIE	48	static
gl_wext.c:596:9:wextSrchDesiredRoamingConsortiumIE	48	static
gl_wext.c:621:9:wextSrchOkcAndPMKID	48	static
gl_wext.c:695:1:wextSrchDesiredWPSIE	64	static
gl_wext.c:1387:1:wext_get_scan.isra.25	304	static
gl_wext.c:3171:5:wext_support_ioctl	144	static
gl_wext.c:3771:1:wext_indicate_wext_event	304	static
