battery_meter_hal.c:641:19:fgauge_read_current_sign	0	static
battery_meter_hal.c:1229:19:dump_register_fgadc	0	static
battery_meter_hal.c:1206:19:read_is_hw_ocv_ready	32	static
battery_meter_hal.c:273:21:fg_get_data_ready_status	32	static
battery_meter_hal.c:1234:19:read_battery_plug_out_status	32	static
battery_meter_hal.c:1172:19:read_adc_v_charger	32	static
battery_meter_hal.c:1154:19:read_adc_v_bat_temp	32	static
battery_meter_hal.c:1137:19:read_adc_v_i_sense	32	static
battery_meter_hal.c:1118:19:read_adc_v_bat_sense	32	static
battery_meter_hal.c:62:6:get_hw_chip_diff_trim_value	48	static
battery_meter_hal.c:181:12:use_chip_trim_value	32	static
battery_meter_hal.c:866:19:fgauge_read_columb_internal	80	static
battery_meter_hal.c:1071:19:fgauge_read_columb_accurate	16	static
battery_meter_hal.c:1084:19:fgauge_hw_reset	48	static
battery_meter_hal.c:1066:19:fgauge_read_columb	16	static
battery_meter_hal.c:390:19:fgauge_read_current	64	static
battery_meter_hal.c:302:19:fgauge_initialization	48	static
battery_meter_hal.c:196:5:get_hw_ocv	32	static
battery_meter_hal.c:1190:19:read_hw_ocv	32	static
battery_meter_hal.c:552:12:fgauge_read_IM_current	64	static
battery_meter_hal.c:650:12:fgauge_set_columb_interrupt_internal	96	static
battery_meter_hal.c:861:19:fgauge_set_columb_interrupt	16	static
battery_meter_hal.c:1244:12:bm_ctrl_cmd	16	static
