pmic.c:660:6:upmu_set_rg_vio18_cal	0	static
pmic.c:2126:5:isHwPowerOn	0	static
pmic.c:2182:6:hwPowerDown	0	static
pmic.c:2208:6:hwPowerSetVoltage	0	static
pmic.c:3790:12:pmic_ftm_release	0	static
pmic.c:4538:16:store_dlpt_level	0	static
pmic.c:4747:12:pmic_mt_remove	0	static
pmic.c:775:6:upmu_interrupt_chrdet_int_en	16	static
pmic.c:1072:12:mtk_regulator_set_voltage_sel	32	static
pmic.c:975:12:mtk_regulator_is_enabled	16	static
pmic.c:1279:16:show_BUCK_VOLTAGE	48	static
pmic.c:1259:16:show_BUCK_STATUS	48	static
pmic.c:1180:16:show_LDO_STATUS	48	static
pmic.c:894:16:show_pmic_auxadc	32	static
pmic.c:4532:16:show_dlpt_level	16	static
pmic.c:4467:16:show_dlpt_ut	16	static
pmic.c:4499:16:show_dlpt_stop	16	static
pmic.c:4439:16:show_battery_percent_level	16	static
pmic.c:4360:16:show_battery_percent_ut	16	static
pmic.c:4400:16:show_battery_percent_stop	16	static
pmic.c:4337:16:show_battery_oc_protect_level	16	static
pmic.c:4264:16:show_battery_oc_protect_ut	16	static
pmic.c:4301:16:show_battery_oc_protect_stop	16	static
pmic.c:4241:16:show_low_battery_protect_level	16	static
pmic.c:4169:16:show_low_battery_protect_ut	16	static
pmic.c:4205:16:show_low_battery_protect_stop	16	static
pmic.c:855:16:show_pmic_dvt	32	static
pmic.c:803:16:show_pmic_access	32	static
pmic.c:1200:16:show_LDO_VOLTAGE	96	static
pmic.c:1121:12:mtk_regulator_list_voltage	80	static
pmic.c:4119:5:pwrkey_detect_sw_thread_handler	96	static
pmic.c:2644:22:bat_percent_notify_task	16	static
pmic.c:3475:22:dlpt_notify_task	16	static
pmic.c:4111:22:pwrkey_detect_sw_workaround	16	static
pmic.c:3713:13:pmic_ftm_ioctl	48	static
pmic.c:4074:12:proc_dump_register_open	16	static
pmic.c:4043:12:proc_utilization_open	16	static
pmic.c:4980:20:pmic_mt_exit	16	static
pmic.c:1728:12:pmic_mt_cust_probe	64	static
pmic.c:4505:16:store_dlpt_stop	48	static
pmic.c:4409:16:store_battery_percent_stop	48	static
pmic.c:4308:16:store_battery_oc_protect_stop	48	static
pmic.c:4212:16:store_low_battery_protect_stop	48	static
pmic.c:861:16:store_pmic_dvt	48	static
pmic.c:900:16:store_pmic_auxadc	80	static
pmic.c:3765:13:pmic_ftm_compat_ioctl	16	static
pmic.c:4555:12:fb_early_init_dt_get_chosen	32	static
pmic.c:4917:19:pmic_mt_init	32	static
pmic.c:4448:16:store_battery_percent_level	0	static
pmic.c:1193:16:store_LDO_STATUS	0	static
pmic.c:1252:16:store_LDO_VOLTAGE	0	static
pmic.c:1272:16:store_BUCK_STATUS	0	static
pmic.c:1312:16:store_BUCK_VOLTAGE	0	static
pmic.c:4248:16:store_low_battery_protect_level	0	static
pmic.c:4344:16:store_battery_oc_protect_level	0	static
pmic.c:2147:6:hwPowerOn	0	static
pmic.c:3785:12:pmic_ftm_open	0	static
pmic.c:2105:5:getHwVoltage	0	static
pmic.c:1859:12:pmic_mt_cust_remove	0	static
pmic.c:181:6:vmd1_pmic_setting_on	16	static
pmic.c:4754:13:pmic_mt_shutdown	16	static
pmic.c:204:14:pmic_read_vbif28_volt	0	static
pmic.c:213:14:pmic_get_vbif28_volt	0	static
pmic.c:254:14:pmic_buck_vsleep_to_swctrl	96	static
pmic.c:280:14:pmic_buck_vsleep_restore	64	static
pmic.c:306:14:pmic_config_interface_buck_vsleep_check	16	static
pmic.c:499:14:pmic_read_interface_nolock	64	static
pmic.c:218:14:pmic_read_interface	80	static
pmic.c:595:14:upmu_get_reg_value	32	static
pmic.c:949:12:mtk_regulator_disable	48	static
pmic.c:930:12:mtk_regulator_enable	48	static
pmic.c:991:12:mtk_regulator_get_voltage_sel	128	static
pmic.c:4053:12:proc_dump_register_show	176	static
pmic.c:3953:12:proc_utilization_show	144	static
pmic.c:529:14:pmic_config_interface_nolock	80	static
pmic.c:154:5:pmic_force_vcore_pwm	48	static
pmic.c:442:14:pmic_config_interface	80	static
pmic.c:809:16:store_pmic_access	48	static
pmic.c:585:6:pmic_lock	16	static
pmic.c:590:6:pmic_unlock	16	static
pmic.c:606:6:upmu_set_reg_value	16	static
pmic.c:613:14:get_pmic_mt6325_cid	0	static
pmic.c:618:14:get_mt6325_pmic_chip_version	0	static
pmic.c:628:6:mt6351_dump_register	160	static
pmic.c:685:6:upmu_set_rg_vio18_184	16	static
pmic.c:701:6:upmu_set_rg_vmc_184	16	static
pmic.c:724:6:upmu_set_rg_vcamd	16	static
pmic.c:745:5:pmic_read_VMC_efuse	32	static
pmic.c:788:14:upmu_get_rgs_chrdet	16	static
pmic.c:1878:6:pmic_regulator_suspend	48	static
pmic.c:1896:6:pmic_regulator_resume	48	static
pmic.c:1914:12:pmic_regulator_pm_event	16	static
pmic.c:1935:6:mtk_regulator_init	64	static
pmic.c:2025:6:PMIC6351_regulator_test	64	static
pmic.c:2290:6:register_low_battery_notify	16	static
pmic.c:2302:6:exec_low_battery_callback	48	static
pmic.c:4176:16:store_low_battery_protect_ut	48	static
pmic.c:2324:6:lbat_min_en_setting	32	static
pmic.c:2331:6:lbat_max_en_setting	32	static
pmic.c:4791:12:pmic_mt_resume	32	static
pmic.c:4760:12:pmic_mt_suspend	16	static
pmic.c:2338:6:low_battery_protect_init	64	static
pmic.c:2409:6:register_battery_oc_notify	16	static
pmic.c:2421:6:exec_battery_oc_callback	64	static
pmic.c:4271:16:store_battery_oc_protect_ut	48	static
pmic.c:2442:6:bat_oc_h_en_setting	16	static
pmic.c:2448:6:bat_oc_l_en_setting	16	static
pmic.c:2454:6:battery_oc_protect_init	64	static
pmic.c:2475:6:battery_oc_protect_reinit	64	static
pmic.c:2541:6:register_battery_percent_notify	48	static
pmic.c:2566:6:exec_battery_percent_callback	32	static
pmic.c:2596:5:bat_percent_notify_handler	112	static
pmic.c:4369:16:store_battery_percent_ut	48	static
pmic.c:2653:6:bat_percent_notify_init	32	static
pmic.c:2695:5:do_ptim_internal	64	static
pmic.c:2787:5:do_ptim	32	static
pmic.c:2801:5:do_ptim_ex	48	static
pmic.c:2815:6:get_ptim_value	32	static
pmic.c:2827:6:enable_dummy_load	32	static
pmic.c:2951:6:register_dlpt_notify	32	static
pmic.c:2965:6:exec_dlpt_callback	48	static
pmic.c:4473:16:store_dlpt_ut	48	static
pmic.c:3044:5:get_rac_val	112	static
pmic.c:3117:5:get_dlpt_imix_spm	32	static
pmic.c:3185:6:pmic_swap	0	static
pmic.c:3193:6:pmic_quicksort	16	static
pmic.c:3193:6:pmic_quicksort.part.5	48	static
pmic.c:3230:5:get_dlpt_imix	144	static
pmic.c:3303:5:get_dlpt_imix_charging	16	static
pmic.c:3362:5:dlpt_notify_handler	112	static
pmic.c:3323:5:dlpt_check_power_off	32	static
pmic.c:3484:5:get_system_loading_ma	32	static
pmic.c:3504:6:dlpt_notify_init	48	static
pmic.c:3568:6:pmic_enable_charger_detection_int	16	static
pmic.c:3588:6:is_charger_detection_rdy	0	static
pmic.c:3597:5:is_ext_buck2_exist	16	static
pmic.c:3612:5:is_ext_vbat_boost_exist	0	static
pmic.c:3617:5:is_ext_swchr_exist	0	static
pmic.c:3674:5:get_ext_buck_i2c_ch_num	16	static
pmic.c:3682:5:is_ext_buck_sw_ready	16	static
pmic.c:3690:5:is_ext_buck_exist	16	static
pmic.c:3806:6:pmic_ftm_init	32	static
pmic.c:3842:16:is_battery_remove_pmic	0	static
pmic.c:3847:6:PMIC_CUSTOM_SETTING_V1	0	static
pmic.c:3863:6:dump_ldo_status_read_debug	128	static
pmic.c:4084:6:pmic_debug_init	32	static
pmic.c:4563:12:pmic_mt_probe	96	static
pmic.c:4148:6:pwrkey_sw_workaround_init	32	static
pmic.c:4859:14:pmic_Read_Efuse_HPOffset	64	static
