charging_hw_bq25890.c:723:12:charging_get_power_source	0	static
charging_hw_bq25890.c:998:12:charging_get_diso_state	0	static
charging_hw_bq25890.c:1455:12:charging_get_charger_temperature	0	static
charging_hw_bq25890.c:1501:12:charging_get_bif_is_exist	0	static
charging_hw_bq25890.c:1511:12:charging_get_input_current	0	static
charging_hw_bq25890.c:1587:12:charging_run_aicl	0	static
charging_hw_bq25890.c:1258:12:charging_read_hiz_mode	32	static
charging_hw_bq25890.c:1246:12:charging_set_hiz_mode	16	static
charging_hw_bq25890.c:1623:12:charging_adc_start	16	static
charging_hw_bq25890.c:1566:12:charging_get_vbus	32	static
charging_hw_bq25890.c:1547:12:charging_set_pwrstat_led_en	32	static
charging_hw_bq25890.c:1083:12:charging_set_chrind_ck_pdn	16	static
charging_hw_bq25890.c:886:12:charging_set_vbus_ovp_en	16	static
charging_hw_bq25890.c:1536:12:charging_get_is_safetytimer_enable	32	static
charging_hw_bq25890.c:1525:12:charging_get_is_power_path_enable	32	static
charging_hw_bq25890.c:1486:12:charging_enable_power_path	32	static
charging_hw_bq25890.c:1225:12:charging_set_hiz_swchr	16	static
charging_hw_bq25890.c:1073:12:charging_set_error_state	16	static
charging_hw_bq25890.c:1475:12:charging_enable_otg	16	static
charging_hw_bq25890.c:1441:12:charging_set_dp	16	static
charging_hw_bq25890.c:1302:12:charging_set_ta20_reset	16	static
charging_hw_bq25890.c:1318:12:dtime	32	static
charging_hw_bq25890.c:1329:12:charging_set_ta20_current_pattern	160	static
charging_hw_bq25890.c:1214:12:charging_enable_safetytimer	16	static
charging_hw_bq25890.c:1099:12:charging_sw_init	16	static
charging_hw_bq25890.c:512:12:charging_reset_watch_dog_timer	16	static
charging_hw_bq25890.c:328:12:charging_hw_init	16	static
charging_hw_bq25890.c:708:12:charging_set_power_off	16	static
charging_hw_bq25890.c:681:12:charging_set_platform_reset	16	static
charging_hw_bq25890.c:542:12:charging_get_hv_status	32	static
charging_hw_bq25890.c:590:12:charging_get_charger_det_status	32	static
charging_hw_bq25890.c:497:12:charging_get_charging_status	48	static
charging_hw_bq25890.c:359:12:charging_dump_register	16	static
charging_hw_bq25890.c:279:21:bmt_find_closest_level	32	static
charging_hw_bq25890.c:744:12:charging_set_ta_current_pattern	16	static
charging_hw_bq25890.c:694:12:charging_get_platform_boot_mode	32	static
charging_hw_bq25890.c:663:12:charging_get_is_pcm_timer_trigger	32	static
charging_hw_bq25890.c:614:12:charging_get_charger_type	48	static
charging_hw_bq25890.c:555:12:charging_get_battery_status	32	static
charging_hw_bq25890.c:374:12:charging_enable	32	static
charging_hw_bq25890.c:433:12:charging_get_current	32	static
charging_hw_bq25890.c:1582:12:charging_reset_dc_watch_dog_timer	0	static
charging_hw_bq25890.c:739:12:charging_get_csdac_full_flag	0	static
charging_hw_bq25890.c:900:12:charging_get_bif_vbat	0	static
charging_hw_bq25890.c:914:12:charging_get_bif_tbat	0	static
charging_hw_bq25890.c:927:12:charging_diso_init	0	static
charging_hw_bq25890.c:1520:12:charging_enable_direct_charge	0	static
charging_hw_bq25890.c:1561:12:charging_get_ibus	0	static
charging_hw_bq25890.c:251:14:charging_value_to_parameter	32	static
charging_hw_bq25890.c:262:14:charging_parameter_to_value	48	static
charging_hw_bq25890.c:1607:12:charging_set_ircmp_volt_clamp	32	static
charging_hw_bq25890.c:1592:12:charging_set_ircmp_resistor	32	static
charging_hw_bq25890.c:1460:12:charging_set_boost_current_limit	32	static
charging_hw_bq25890.c:1272:12:charging_set_vindpm_voltage	32	static
charging_hw_bq25890.c:521:12:charging_set_hv_threshold	32	static
charging_hw_bq25890.c:467:12:charging_set_input_current	48	static
charging_hw_bq25890.c:449:12:charging_set_current	32	static
charging_hw_bq25890.c:411:12:charging_set_cv_voltage	48	static
charging_hw_bq25890.c:608:10:charging_type_detection_done	0	static
charging_hw_bq25890.c:1685:5:chr_control_interface	32	static
