tcp_output.c:214:6:tcp_select_initial_window	0	static
tcp_output.c:1344:6:tcp_mtup_init	0	static
tcp_output.c:3005:13:tcp_connect_queue_skb	0	static
tcp_output.c:1219:13:__pskb_trim_head	80	static
tcp_output.c:1044:13:tcp_set_skb_tso_segs	64	static
tcp_output.c:1579:12:tcp_init_tso_segs	32	static
tcp_output.c:1084:13:tcp_adjust_pcount	16	static
tcp_output.c:447:13:tcp_options_write	32	static
tcp_output.c:842:6:tcp_wfree	48	static
tcp_output.c:1111:13:tcp_fragment_tstamp.isra.0	0	static
tcp_output.c:2857:17:tcp_make_synack	96	static
tcp_output.c:75:13:tcp_event_new_data_sent	32	static
tcp_output.c:2130:13:skb_still_in_host_queue	16	static
tcp_output.c:3369:5:tcp_rtx_synack.part.5	32	static
tcp_output.c:3369:5:tcp_rtx_synack	96	static
tcp_output.c:193:5:tcp_default_init_rwnd	0	static
tcp_output.c:823:13:tcp_tasklet_init	48	static
tcp_output.c:1131:5:tcp_fragment	96	static
tcp_output.c:1258:5:tcp_trim_head	48	static
tcp_output.c:1314:5:tcp_mtu_to_mss	0	static
tcp_output.c:1379:14:tcp_sync_mss	16	static
tcp_output.c:1322:5:tcp_mss_to_mtu	0	static
tcp_output.c:1404:14:tcp_current_mss	32	static
tcp_output.c:1653:6:tcp_may_send_now	48	static
tcp_output.c:2067:6:tcp_schedule_loss_probe	48	static
tcp_output.c:2282:5:__tcp_select_window	0	static
tcp_output.c:891:12:tcp_transmit_skb	128	static
tcp_output.c:1944:13:tcp_write_xmit	128	static
tcp_output.c:723:13:tcp_tsq_handler.part.6	32	static
tcp_output.c:781:6:tcp_release_cb	32	static
tcp_output.c:737:13:tcp_tasklet_func	112	static
tcp_output.c:2203:6:__tcp_push_pending_frames	32	static
tcp_output.c:2221:6:tcp_push_one	16	static
tcp_output.c:3111:5:tcp_connect	112	static
tcp_output.c:3213:6:tcp_send_ack	32	static
tcp_output.c:3257:12:tcp_xmit_probe_skb	48	static
tcp_output.c:2470:5:__tcp_retransmit_skb	112	static
tcp_output.c:2144:6:tcp_send_loss_probe	48	static
tcp_output.c:2558:5:tcp_retransmit_skb	48	static
tcp_output.c:2630:6:tcp_xmit_retransmit_queue	112	static
tcp_output.c:2743:6:tcp_send_fin	48	static
tcp_output.c:2790:6:tcp_send_active_reset	48	static
tcp_output.c:2819:5:tcp_send_synack	48	static
tcp_output.c:3157:6:tcp_send_delayed_ack	48	static
tcp_output.c:3278:6:tcp_send_window_probe	16	static
tcp_output.c:3287:5:tcp_write_wakeup	48	static
tcp_output.c:3332:6:tcp_send_probe0	32	static
