printk.c:880:15:devkmsg_llseek	48	static
printk.c:918:21:devkmsg_poll	48	static
printk.c:2374:19:console_suspend_disable	0	static
printk.c:3195:5:kmsg_dump_register	48	static
printk.c:3491:6:kmsg_dump_rewind	32	static
printk.c:1022:20:log_buf_len_update	0	static
printk.h:9:1:ftrace_define_fields_console	16	static
printk.h:9:1:perf_trace_console	368	static
printk.h:9:1:ftrace_raw_event_console	96	static
printk.h:9:1:ftrace_raw_output_console	32	static
printk.c:970:12:devkmsg_release	16	static
printk.c:758:16:devkmsg_read	160	static
printk.c:1031:19:log_buf_len_setup	32	static
printk.c:2445:6:console_lock	16	static
printk.c:2748:14:console_conditional_schedule	16	static
printk.c:3156:5:__printk_ratelimit	16	static
printk.c:3171:6:printk_timed_ratelimit	48	static
printk.c:3224:5:kmsg_dump_unregister	48	static
printk.c:481:12:log_make_free_space	0	static
printk.c:538:12:log_store	208	static
printk.c:1869:13:cont_flush.part.2	32	static
printk.c:1897:13:cont_add	48	static
printk.c:2465:5:console_trylock	32	static
printk.c:2261:12:__add_preferred_console.constprop	64	static
printk.c:2295:19:console_setup	64	static
printk.c:1643:13:call_console_drivers.constprop	304	static
printk.c:1206:15:print_prefix	48	static
printk.c:1237:15:msg_print_text	112	static
printk.c:1295:12:syslog_print	288	static
printk.c:1409:12:syslog_print_all	128	static
printk.c:3386:6:kmsg_dump_get_buffer	128	static
printk.c:141:6:mt_get_uartlog_status	0	static
printk.c:146:6:set_uartlog_status	0	static
printk.c:377:6:mt_disable_uart	0	static
printk.c:382:6:mt_enable_uart	0	static
printk.c:393:6:is_logbuf_lock	0	static
printk.c:401:7:log_buf_addr_get	0	static
printk.c:407:5:log_buf_len_get	0	static
printk.c:1767:6:aee_wdt_zap_locks	16	static
printk.c:1777:6:aee_wdt_logbuf_lock	16	static
printk.c:2348:5:add_preferred_console	16	static
printk.c:2353:5:update_console_cmdline	80	static
printk.c:2479:5:is_console_locked	0	static
printk.c:3121:6:wake_up_klogd	32	static
printk.c:2586:6:console_unlock	112	static
printk.c:1955:16:vprintk_emit	160	static
printk.c:2146:16:vprintk	48	static
printk.c:2152:16:printk_emit	112	static
printk.c:2188:26:printk	144	static
printk.c:708:16:devkmsg_write	64	static
printk.c:1074:13:setup_log_buf	64	static
printk.c:669:12:check_syslog_permissions	32	static
printk.c:941:12:devkmsg_open	48	static
printk.c:1504:5:do_syslog	128	static
printk.c:1633:1:SyS_syslog	16	static
printk.c:1118:19:ignore_loglevel_setup	16	static
printk.c:2390:6:suspend_console	32	static
printk.c:2839:19:keep_bootcon_setup	16	static
printk.c:2401:6:resume_console	16	static
printk.c:2755:6:console_unblank	32	static
printk.c:2782:6:console_flush_on_panic	16	static
printk.c:2799:20:console_device	48	static
printk.c:2821:6:console_stop	32	static
printk.c:2829:6:console_start	32	static
printk.c:3024:5:unregister_console	32	static
printk.c:3067:19:printk_late_init	32	static
printk.c:2868:6:register_console	64	static
printk.c:2422:12:console_cpu_notify	16	static
printk.c:3102:13:wake_up_klogd_work_func	32	static
printk.c:3131:5:printk_deferred	160	static
printk.c:3253:6:kmsg_dump	80	static
printk.c:3304:6:kmsg_dump_get_line_nolock	48	static
printk.c:3353:6:kmsg_dump_get_line	80	static
printk.c:3475:6:kmsg_dump_rewind_nolock	0	static
printk.c:3513:13:dump_stack_set_arch_desc	144	static
printk.c:3530:6:dump_stack_print_info	80	static
printk.c:3552:6:show_regs_print_info	32	static
printk.c:3561:6:get_kernel_log_buffer	0	static
