lowmemorykiller.c:133:1:task_notify_func	0	static
lowmemorykiller.c:650:12:lowmem_adj_array_get	16	static
lowmemorykiller.c:655:13:lowmem_adj_array_free	16	static
lowmemorykiller.c:721:8:query_lmk_minfree	0	static
lmk.h:16:1:perf_trace_lmk_kill	384	static
lmk.h:57:1:perf_trace_lmk_remain	368	static
lowmemorykiller.h:10:1:perf_trace_lowmemory_kill	384	static
lmk.h:16:1:ftrace_raw_event_lmk_kill	128	static
lmk.h:57:1:ftrace_raw_event_lmk_remain	112	static
lowmemorykiller.h:10:1:ftrace_raw_event_lowmemory_kill	112	static
lmk.h:16:1:ftrace_raw_output_lmk_kill	32	static
lmk.h:57:1:ftrace_raw_output_lmk_remain	32	static
lowmemorykiller.h:10:1:ftrace_raw_output_lowmemory_kill	32	static
lowmemorykiller.c:592:20:lowmem_exit	32	static
lowmemorykiller.c:638:12:lowmem_adj_array_set	80	static
lowmemorykiller.c:157:22:lowmem_scan	192	static
lowmemorykiller.c:681:5:get_min_free_pages	96	static
lowmemorykiller.c:757:12:debug_adj_set	16	static
lowmemorykiller.c:568:19:lowmem_init	32	static
lowmemorykiller.c:143:22:lowmem_count	0	static
lmk.h:16:1:ftrace_define_fields_lmk_kill	32	static
lmk.h:57:1:ftrace_define_fields_lmk_remain	32	static
lowmemorykiller.h:10:1:ftrace_define_fields_lowmemory_kill	32	static
