super.c:900:12:ns_test_super	0	static
super.c:937:12:set_bdev_super	0	static
super.c:950:12:test_bdev_super	0	static
super.c:1067:12:compare_single	0	static
super.c:145:13:destroy_super	32	static
super.c:390:6:generic_shutdown_super	48	static
super.c:110:22:super_cache_count	48	static
super.c:829:5:get_anon_bdev	96	static
super.c:872:5:set_anon_super	32	static
super.c:905:12:ns_set_super	32	static
super.c:861:6:free_anon_bdev	48	static
super.c:882:6:kill_anon_super	32	static
super.c:891:6:kill_litter_super	32	static
super.c:1032:6:kill_block_super	48	static
super.c:1154:6:__sb_end_write	32	static
super.c:1210:5:__sb_start_write	112	static
super.c:1247:13:sb_wait_write	112	static
super.c:247:13:__put_super.part.0	16	static
super.c:262:13:put_super	32	static
super.c:281:6:deactivate_locked_super	32	static
super.c:1384:5:thaw_super	48	static
super.c:1309:5:freeze_super	64	static
super.c:329:12:grab_super	32	static
super.c:487:6:drop_super	32	static
super.c:538:6:iterate_supers_type	80	static
super.c:306:6:deactivate_super	32	static
super.c:434:21:sget	112	static
super.c:911:16:mount_ns	64	static
super.c:1047:16:mount_nodev	48	static
super.c:955:16:mount_bdev	112	static
super.c:573:21:get_super.part.3	64	static
super.c:573:21:get_super	32	static
super.c:614:21:get_super_thawed	112	static
super.c:355:6:grab_super_passive	32	static
super.c:57:22:super_cache_scan	80	static
super.c:503:6:iterate_supers	80	static
super.c:636:21:get_active_super	64	static
super.c:659:21:user_get_super	64	static
super.c:695:5:do_remount_sb	80	static
super.c:772:13:do_emergency_remount	96	static
super.c:1072:16:mount_single	48	static
super.c:806:6:emergency_remount	16	static
super.c:1097:1:mount_fs	64	static
