synaptics_dsx_i2c.h:284:23:synaptics_rmi4_show_error	16	static
synaptics_dsx_i2c.h:292:23:synaptics_rmi4_store_error	16	static
synaptics_dsx_rmi_dev.c:266:16:rmidev_sysfs_attn_state_show	0	static
synaptics_dsx_rmi_dev.c:769:19:rmidev_module_init	16	static
synaptics_dsx_rmi_dev.c:776:20:rmidev_module_exit	32	static
synaptics_dsx_rmi_dev.c:103:20:rmidev_sysfs_irq	16	static
synaptics_dsx_rmi_dev.c:460:12:rmidev_release	48	static
synaptics_dsx_rmi_dev.c:427:12:rmidev_open	48	static
synaptics_dsx_rmi_dev.c:387:16:rmidev_write	48	dynamic
synaptics_dsx_rmi_dev.c:341:16:rmidev_read	64	dynamic
synaptics_dsx_rmi_dev.c:187:16:rmidev_sysfs_data_store	48	static
synaptics_dsx_rmi_dev.c:154:16:rmidev_sysfs_data_show	48	static
synaptics_dsx_rmi_dev.c:496:13:rmidev_device_cleanup	32	static
synaptics_dsx_rmi_dev.c:721:13:rmidev_remove_device	64	static
synaptics_dsx_rmi_dev.c:543:12:rmidev_init_device	96	static
synaptics_dsx_rmi_dev.c:290:15:rmidev_llseek	48	static
synaptics_dsx_rmi_dev.c:242:16:rmidev_sysfs_release_store	64	static
synaptics_dsx_rmi_dev.c:220:16:rmidev_sysfs_open_store	64	static
