synaptics_dsx_i2c.h:284:23:synaptics_rmi4_show_error	16	static
synaptics_dsx_i2c.h:292:23:synaptics_rmi4_store_error	16	static
synaptics_dsx_fw_update.c:473:12:fwu_read_f01_device_status	32	static
synaptics_dsx_fw_update.c:1015:12:fwu_write_bootloader_id	32	static
synaptics_dsx_fw_update.c:653:12:fwu_write_f34_command	48	static
synaptics_dsx_fw_update.c:613:12:fwu_read_f34_flash_status	48	static
synaptics_dsx_fw_update.c:1977:13:synaptics_rmi4_fwu_attn	16	static
synaptics_dsx_fw_update.c:492:12:fwu_read_f34_queries	64	static
synaptics_dsx_fw_update.c:868:12:fwu_scan_pdt	96	static
synaptics_dsx_fw_update.c:447:13:parse_header	0	static
synaptics_dsx_fw_update.c:1907:16:fwu_sysfs_image_name_store	32	static
synaptics_dsx_fw_update.c:1779:16:fwu_sysfs_store_image	32	static
synaptics_dsx_fw_update.c:1761:16:fwu_sysfs_show_image	32	static
synaptics_dsx_fw_update.c:674:12:fwu_wait_for_idle	64	static
synaptics_dsx_fw_update.c:1033:12:fwu_enter_flash_prog	64	static
synaptics_dsx_fw_update.c:943:12:fwu_write_blocks	96	static
synaptics_dsx_fw_update.c:1159:12:fwu_do_write_config	48	static
synaptics_dsx_fw_update.c:1892:16:fwu_sysfs_config_area_store	48	static
synaptics_dsx_fw_update.c:1915:16:fwu_sysfs_image_size_store	64	static
synaptics_dsx_fw_update.c:2160:19:rmi4_fw_update_module_init	16	static
synaptics_dsx_fw_update.c:2167:20:rmi4_fw_update_module_exit	32	static
synaptics_dsx_fw_update.c:1971:16:fwu_sysfs_disp_config_block_count_show	16	static
synaptics_dsx_fw_update.c:1965:16:fwu_sysfs_bl_config_block_count_show	16	static
synaptics_dsx_fw_update.c:1959:16:fwu_sysfs_perm_config_block_count_show	16	static
synaptics_dsx_fw_update.c:1953:16:fwu_sysfs_configuration_block_count_show	16	static
synaptics_dsx_fw_update.c:1947:16:fwu_sysfs_firmware_block_count_show	16	static
synaptics_dsx_fw_update.c:1941:16:fwu_sysfs_block_size_show	16	static
synaptics_dsx_fw_update.c:1868:16:fwu_sysfs_read_config_store	96	static
synaptics_dsx_fw_update.c:1835:16:fwu_sysfs_write_config_store	112	static
synaptics_dsx_fw_update.c:2121:13:synaptics_rmi4_fwu_remove	64	static
synaptics_dsx_fw_update.c:1989:12:synaptics_rmi4_fwu_init	80	static
synaptics_dsx_fw_update.c:1424:12:fwu_start_reflash	176	static
synaptics_dsx_fw_update.c:1735:5:synaptics_fw_updater	16	static
synaptics_dsx_fw_update.c:1754:13:fwu_startup_fw_update_work	16	static
synaptics_dsx_fw_update.c:1792:16:fwu_sysfs_do_reflash_store	64	static
