synaptics_dsx_i2c.h:284:23:synaptics_rmi4_show_error	16	static
synaptics_dsx_i2c.h:292:23:synaptics_rmi4_store_error	16	static
synaptics_dsx_i2c.c:2633:12:synaptics_rmi4_alloc_fh	48	static
synaptics_dsx_i2c.c:3316:6:synaptics_rmi4_new_function	48	static
synaptics_dsx_i2c.c:4128:20:synaptics_rmi4_exit	16	static
synaptics_dsx_i2c.c:596:21:tpd_eint_handler	48	static
synaptics_dsx_i2c.c:3268:13:synaptics_rmi4_exp_fn_work	80	static
synaptics_dsx_i2c.c:4062:12:tpd_local_init	32	static
synaptics_dsx_i2c.c:770:16:synaptics_rmi4_0dbutton_show	16	static
synaptics_dsx_i2c.c:696:16:synaptics_rmi4_f01_buildid_show	16	static
synaptics_dsx_i2c.c:686:16:synaptics_rmi4_f01_productinfo_show	16	static
synaptics_dsx_i2c.c:2999:13:synaptics_rmi4_set_params	48	static
synaptics_dsx_i2c.c:4103:19:synaptics_rmi4_init	16	static
synaptics_dsx_i2c.c:3115:12:synaptics_rmi4_free_fingers.isra.1	32	static
synaptics_dsx_i2c.c:1087:12:synaptics_rmi4_set_page.isra.2	48	static
synaptics_dsx_i2c.c:1286:14:synaptics_rmi4_i2c_write	128	static
synaptics_dsx_i2c.c:1174:12:synaptics_rmi4_i2c_read	128	static
synaptics_dsx_i2c.c:779:16:synaptics_rmi4_0dbutton_store	80	static
synaptics_dsx_i2c.c:748:16:synaptics_rmi4_f01_flashprog_show	64	static
synaptics_dsx_i2c.c:728:16:synaptics_rmi4_f01_productid_show	48	static
synaptics_dsx_i2c.c:706:16:synaptics_rmi4_f34_configid_show	48	static
synaptics_dsx_i2c.c:2601:13:synaptics_rmi4_set_configured	48	static
synaptics_dsx_i2c.c:3140:12:synaptics_rmi4_reinit_device	80	static
synaptics_dsx_i2c.c:2459:13:synaptics_rmi4_f1a_kfree.isra.6	32	static
synaptics_dsx_i2c.c:2669:12:synaptics_rmi4_query_device	336	static
synaptics_dsx_i2c.c:2504:13:synaptics_rmi4_empty_fn_list	64	static
synaptics_dsx_i2c.c:555:6:synaptic_irq_enable	48	static
synaptics_dsx_i2c.c:1940:12:touch_event_handler	304	static
synaptics_dsx_i2c.c:575:6:synaptic_irq_disable	48	static
synaptics_dsx_i2c.c:1982:12:synaptics_rmi4_irq_enable	80	static
synaptics_dsx_i2c.c:3964:13:synaptics_rmi4_resume	64	static
synaptics_dsx_i2c.c:3606:12:synaptics_rmi4_remove	48	static
synaptics_dsx_i2c.c:3196:12:synaptics_rmi4_reset_device	80	static
synaptics_dsx_i2c.c:662:16:synaptics_rmi4_f01_reset_store	64	static
synaptics_dsx_i2c.c:3377:12:synaptics_rmi4_probe	64	static
synaptics_dsx_i2c.c:3869:13:synaptics_rmi4_suspend	64	static
synaptics_dsx_i2c.c:833:16:synaptics_rmi4_suspend_store	48	static
