synaptics_dsx_i2c.h:284:23:synaptics_rmi4_show_error	16	static
synaptics_dsx_i2c.h:292:23:synaptics_rmi4_store_error	16	static
synaptics_dsx_test_reporting.c:1469:12:set_interrupt	80	static
synaptics_dsx_test_reporting.c:3381:19:rmi4_f54_module_init	16	static
synaptics_dsx_test_reporting.c:3388:20:rmi4_f54_module_exit	32	static
synaptics_dsx_test_reporting.c:3157:13:synaptics_rmi4_f54_attn	32	static
synaptics_dsx_test_reporting.c:3322:13:synaptics_rmi4_f54_remove	288	static
synaptics_dsx_test_reporting.c:2179:16:synaptics_rmi4_f54_resume_touch_store	48	static
synaptics_dsx_test_reporting.c:2274:1:synaptics_rmi4_f54_cbc_tx_carrier_selection_0d_store	80	static
synaptics_dsx_test_reporting.c:2273:1:synaptics_rmi4_f54_cbc_polarity_0d_store	80	static
synaptics_dsx_test_reporting.c:2272:1:synaptics_rmi4_f54_cbc_cap_0d_store	80	static
synaptics_dsx_test_reporting.c:2271:1:synaptics_rmi4_f54_no_signal_clarity_store	80	static
synaptics_dsx_test_reporting.c:2270:1:synaptics_rmi4_f54_tx_high_edge_comp_store	80	static
synaptics_dsx_test_reporting.c:2269:1:synaptics_rmi4_f54_tx_low_edge_comp_store	80	static
synaptics_dsx_test_reporting.c:2268:1:synaptics_rmi4_f54_rx_high_edge_comp_store	80	static
synaptics_dsx_test_reporting.c:2267:1:synaptics_rmi4_f54_rx_low_edge_comp_store	80	static
synaptics_dsx_test_reporting.c:2266:1:synaptics_rmi4_f54_touch_hysteresis_store	80	static
synaptics_dsx_test_reporting.c:2265:1:synaptics_rmi4_f54_cmn_filter_max_store	80	static
synaptics_dsx_test_reporting.c:2264:1:synaptics_rmi4_f54_cmn_filter_disable_store	80	static
synaptics_dsx_test_reporting.c:2263:1:synaptics_rmi4_f54_quiet_threshold_store	80	static
synaptics_dsx_test_reporting.c:2262:1:synaptics_rmi4_f54_iir_filter_coef_store	80	static
synaptics_dsx_test_reporting.c:2261:1:synaptics_rmi4_f54_frame_count_store	80	static
synaptics_dsx_test_reporting.c:2260:1:synaptics_rmi4_f54_noise_density_store	80	static
synaptics_dsx_test_reporting.c:2259:1:synaptics_rmi4_f54_high_noise_threshold_store	80	static
synaptics_dsx_test_reporting.c:2258:1:synaptics_rmi4_f54_medium_noise_threshold_store	80	static
synaptics_dsx_test_reporting.c:2257:1:synaptics_rmi4_f54_freq_shift_noise_threshold_store	80	static
synaptics_dsx_test_reporting.c:2256:1:synaptics_rmi4_f54_disable_noise_mitigation_store	80	static
synaptics_dsx_test_reporting.c:2255:1:synaptics_rmi4_f54_curve_comp_on_txs_store	80	static
synaptics_dsx_test_reporting.c:2254:1:synaptics_rmi4_f54_rxs_on_xaxis_store	80	static
synaptics_dsx_test_reporting.c:2253:1:synaptics_rmi4_f54_fast_relaxation_rate_store	80	static
synaptics_dsx_test_reporting.c:2252:1:synaptics_rmi4_f54_slow_relaxation_rate_store	80	static
synaptics_dsx_test_reporting.c:2251:1:synaptics_rmi4_f54_noise_sensing_bursts_per_image_store	80	static
synaptics_dsx_test_reporting.c:2250:1:synaptics_rmi4_f54_reset_duration_store	80	static
synaptics_dsx_test_reporting.c:2249:1:synaptics_rmi4_f54_integration_duration_store	80	static
synaptics_dsx_test_reporting.c:2248:1:synaptics_rmi4_f54_cbc_tx_carrier_selection_store	80	static
synaptics_dsx_test_reporting.c:2247:1:synaptics_rmi4_f54_cbc_polarity_store	80	static
synaptics_dsx_test_reporting.c:2246:1:synaptics_rmi4_f54_cbc_cap_store	80	static
synaptics_dsx_test_reporting.c:2245:1:synaptics_rmi4_f54_high_ref_polarity_store	80	static
synaptics_dsx_test_reporting.c:2244:1:synaptics_rmi4_f54_high_ref_feedback_cap_store	80	static
synaptics_dsx_test_reporting.c:2243:1:synaptics_rmi4_f54_high_ref_cap_store	80	static
synaptics_dsx_test_reporting.c:2242:1:synaptics_rmi4_f54_low_ref_polarity_store	80	static
synaptics_dsx_test_reporting.c:2241:1:synaptics_rmi4_f54_low_ref_feedback_cap_store	80	static
synaptics_dsx_test_reporting.c:2240:1:synaptics_rmi4_f54_low_ref_cap_store	80	static
synaptics_dsx_test_reporting.c:2239:1:synaptics_rmi4_f54_rx_feedback_cap_store	80	static
synaptics_dsx_test_reporting.c:2238:1:synaptics_rmi4_f54_pixel_touch_threshold_store	80	static
synaptics_dsx_test_reporting.c:2237:1:synaptics_rmi4_f54_saturation_cap_store	80	static
synaptics_dsx_test_reporting.c:2236:1:synaptics_rmi4_f54_bursts_per_cluster_store	80	static
synaptics_dsx_test_reporting.c:2235:1:synaptics_rmi4_f54_no_scan_store	80	static
synaptics_dsx_test_reporting.c:2234:1:synaptics_rmi4_f54_no_relax_store	80	static
synaptics_dsx_test_reporting.c:2145:16:synaptics_rmi4_f54_force_cal_store	64	static
synaptics_dsx_test_reporting.c:2007:16:synaptics_rmi4_f54_fifoindex_store	64	static
synaptics_dsx_test_reporting.c:1887:16:synaptics_rmi4_f54_no_auto_cal_store	64	static
synaptics_dsx_test_reporting.c:2274:1:synaptics_rmi4_f54_cbc_tx_carrier_selection_0d_show	48	static
synaptics_dsx_test_reporting.c:2273:1:synaptics_rmi4_f54_cbc_polarity_0d_show	48	static
synaptics_dsx_test_reporting.c:2272:1:synaptics_rmi4_f54_cbc_cap_0d_show	48	static
synaptics_dsx_test_reporting.c:2271:1:synaptics_rmi4_f54_no_signal_clarity_show	48	static
synaptics_dsx_test_reporting.c:2270:1:synaptics_rmi4_f54_tx_high_edge_comp_show	48	static
synaptics_dsx_test_reporting.c:2269:1:synaptics_rmi4_f54_tx_low_edge_comp_show	48	static
synaptics_dsx_test_reporting.c:2268:1:synaptics_rmi4_f54_rx_high_edge_comp_show	48	static
synaptics_dsx_test_reporting.c:2267:1:synaptics_rmi4_f54_rx_low_edge_comp_show	48	static
synaptics_dsx_test_reporting.c:2266:1:synaptics_rmi4_f54_touch_hysteresis_show	48	static
synaptics_dsx_test_reporting.c:2265:1:synaptics_rmi4_f54_cmn_filter_max_show	48	static
synaptics_dsx_test_reporting.c:2264:1:synaptics_rmi4_f54_cmn_filter_disable_show	48	static
synaptics_dsx_test_reporting.c:2263:1:synaptics_rmi4_f54_quiet_threshold_show	48	static
synaptics_dsx_test_reporting.c:2262:1:synaptics_rmi4_f54_iir_filter_coef_show	48	static
synaptics_dsx_test_reporting.c:2261:1:synaptics_rmi4_f54_frame_count_show	48	static
synaptics_dsx_test_reporting.c:2260:1:synaptics_rmi4_f54_noise_density_show	48	static
synaptics_dsx_test_reporting.c:2259:1:synaptics_rmi4_f54_high_noise_threshold_show	48	static
synaptics_dsx_test_reporting.c:2258:1:synaptics_rmi4_f54_medium_noise_threshold_show	48	static
synaptics_dsx_test_reporting.c:2257:1:synaptics_rmi4_f54_freq_shift_noise_threshold_show	48	static
synaptics_dsx_test_reporting.c:2256:1:synaptics_rmi4_f54_disable_noise_mitigation_show	48	static
synaptics_dsx_test_reporting.c:2255:1:synaptics_rmi4_f54_curve_comp_on_txs_show	48	static
synaptics_dsx_test_reporting.c:2254:1:synaptics_rmi4_f54_rxs_on_xaxis_show	48	static
synaptics_dsx_test_reporting.c:2253:1:synaptics_rmi4_f54_fast_relaxation_rate_show	48	static
synaptics_dsx_test_reporting.c:2252:1:synaptics_rmi4_f54_slow_relaxation_rate_show	48	static
synaptics_dsx_test_reporting.c:2251:1:synaptics_rmi4_f54_noise_sensing_bursts_per_image_show	48	static
synaptics_dsx_test_reporting.c:2250:1:synaptics_rmi4_f54_reset_duration_show	48	static
synaptics_dsx_test_reporting.c:2249:1:synaptics_rmi4_f54_integration_duration_show	48	static
synaptics_dsx_test_reporting.c:2248:1:synaptics_rmi4_f54_cbc_tx_carrier_selection_show	48	static
synaptics_dsx_test_reporting.c:2247:1:synaptics_rmi4_f54_cbc_polarity_show	48	static
synaptics_dsx_test_reporting.c:2246:1:synaptics_rmi4_f54_cbc_cap_show	48	static
synaptics_dsx_test_reporting.c:2245:1:synaptics_rmi4_f54_high_ref_polarity_show	48	static
synaptics_dsx_test_reporting.c:2244:1:synaptics_rmi4_f54_high_ref_feedback_cap_show	48	static
synaptics_dsx_test_reporting.c:2243:1:synaptics_rmi4_f54_high_ref_cap_show	48	static
synaptics_dsx_test_reporting.c:2242:1:synaptics_rmi4_f54_low_ref_polarity_show	48	static
synaptics_dsx_test_reporting.c:2241:1:synaptics_rmi4_f54_low_ref_feedback_cap_show	48	static
synaptics_dsx_test_reporting.c:2240:1:synaptics_rmi4_f54_low_ref_cap_show	48	static
synaptics_dsx_test_reporting.c:2239:1:synaptics_rmi4_f54_rx_feedback_cap_show	48	static
synaptics_dsx_test_reporting.c:2238:1:synaptics_rmi4_f54_pixel_touch_threshold_show	48	static
synaptics_dsx_test_reporting.c:2237:1:synaptics_rmi4_f54_saturation_cap_show	48	static
synaptics_dsx_test_reporting.c:2236:1:synaptics_rmi4_f54_bursts_per_cluster_show	48	static
synaptics_dsx_test_reporting.c:2235:1:synaptics_rmi4_f54_no_scan_show	48	static
synaptics_dsx_test_reporting.c:2234:1:synaptics_rmi4_f54_no_relax_show	48	static
synaptics_dsx_test_reporting.c:2232:1:synaptics_rmi4_f54_number_of_sensing_frequencies_show	16	static
synaptics_dsx_test_reporting.c:2231:1:synaptics_rmi4_f54_has_signal_clarity_show	16	static
synaptics_dsx_test_reporting.c:2230:1:synaptics_rmi4_f54_has_per_frequency_noise_control_show	16	static
synaptics_dsx_test_reporting.c:2229:1:synaptics_rmi4_f54_has_edge_compensation_show	16	static
synaptics_dsx_test_reporting.c:2228:1:synaptics_rmi4_f54_has_touch_hysteresis_show	16	static
synaptics_dsx_test_reporting.c:2227:1:synaptics_rmi4_f54_has_cmn_maximum_show	16	static
synaptics_dsx_test_reporting.c:2226:1:synaptics_rmi4_f54_has_cmn_removal_show	16	static
synaptics_dsx_test_reporting.c:2225:1:synaptics_rmi4_f54_has_iir_filter_show	16	static
synaptics_dsx_test_reporting.c:2224:1:synaptics_rmi4_f54_curve_compensation_mode_show	16	static
synaptics_dsx_test_reporting.c:2223:1:synaptics_rmi4_f54_has_relaxation_control_show	16	static
synaptics_dsx_test_reporting.c:2222:1:synaptics_rmi4_f54_has_one_byte_report_rate_show	16	static
synaptics_dsx_test_reporting.c:2221:1:synaptics_rmi4_f54_has_two_byte_report_rate_show	16	static
synaptics_dsx_test_reporting.c:2220:1:synaptics_rmi4_f54_has_firmware_noise_mitigation_show	16	static
synaptics_dsx_test_reporting.c:2219:1:synaptics_rmi4_f54_has_sense_frequency_control_show	16	static
synaptics_dsx_test_reporting.c:2218:1:synaptics_rmi4_f54_has_interference_metric_show	16	static
synaptics_dsx_test_reporting.c:2217:1:synaptics_rmi4_f54_has_sensor_assignment_show	16	static
synaptics_dsx_test_reporting.c:2216:1:synaptics_rmi4_f54_has_pixel_touch_threshold_adjustment_show	16	static
synaptics_dsx_test_reporting.c:2215:1:synaptics_rmi4_f54_touch_controller_family_show	16	static
synaptics_dsx_test_reporting.c:2214:1:synaptics_rmi4_f54_clock_rate_show	16	static
synaptics_dsx_test_reporting.c:2213:1:synaptics_rmi4_f54_has_baseline_show	16	static
synaptics_dsx_test_reporting.c:2212:1:synaptics_rmi4_f54_has_image8_show	16	static
synaptics_dsx_test_reporting.c:2211:1:synaptics_rmi4_f54_has_image16_show	16	static
synaptics_dsx_test_reporting.c:2210:1:synaptics_rmi4_f54_num_of_tx_electrodes_show	16	static
synaptics_dsx_test_reporting.c:2209:1:synaptics_rmi4_f54_num_of_rx_electrodes_show	16	static
synaptics_dsx_test_reporting.c:2203:16:synaptics_rmi4_f54_num_of_mapped_tx_show	16	static
synaptics_dsx_test_reporting.c:2197:16:synaptics_rmi4_f54_num_of_mapped_rx_show	16	static
synaptics_dsx_test_reporting.c:1985:16:synaptics_rmi4_f54_fifoindex_show	64	static
synaptics_dsx_test_reporting.c:1934:16:synaptics_rmi4_f54_report_type_show	16	static
synaptics_dsx_test_reporting.c:1881:16:synaptics_rmi4_f54_no_auto_cal_show	16	static
synaptics_dsx_test_reporting.c:1875:16:synaptics_rmi4_f54_report_size_show	16	static
synaptics_dsx_test_reporting.c:1869:16:synaptics_rmi4_f54_status_show	16	static
synaptics_dsx_test_reporting.c:2283:1:synaptics_rmi4_f54_noise_control_3_show	96	static
synaptics_dsx_test_reporting.c:2282:1:synaptics_rmi4_f54_noise_control_2_show	96	static
synaptics_dsx_test_reporting.c:2281:1:synaptics_rmi4_f54_noise_control_1_show	96	static
synaptics_dsx_test_reporting.c:2286:1:synaptics_rmi4_f54_axis2_comp_show	96	static
synaptics_dsx_test_reporting.c:2285:1:synaptics_rmi4_f54_axis1_comp_show	96	static
synaptics_dsx_test_reporting.c:2280:1:synaptics_rmi4_f54_stretch_duration_show	96	static
synaptics_dsx_test_reporting.c:2279:1:synaptics_rmi4_f54_filter_bandwidth_show	96	static
synaptics_dsx_test_reporting.c:2278:1:synaptics_rmi4_f54_disable_show	96	static
synaptics_dsx_test_reporting.c:2288:16:synaptics_rmi4_f54_burst_count_show	80	static
synaptics_dsx_test_reporting.c:2277:1:synaptics_rmi4_f54_sensor_tx_assignment_show	96	static
synaptics_dsx_test_reporting.c:2276:1:synaptics_rmi4_f54_sensor_rx_assignment_show	96	static
synaptics_dsx_test_reporting.c:2286:1:synaptics_rmi4_f54_axis2_comp_store	112	static
synaptics_dsx_test_reporting.c:2285:1:synaptics_rmi4_f54_axis1_comp_store	112	static
synaptics_dsx_test_reporting.c:2037:16:synaptics_rmi4_f54_do_preparation_store	96	static
synaptics_dsx_test_reporting.c:2348:16:synaptics_rmi4_f54_data_read	64	static
synaptics_dsx_test_reporting.c:3172:12:synaptics_rmi4_f54_init	64	static
synaptics_dsx_test_reporting.c:3357:13:synaptics_rmi4_f54_reset	32	static
synaptics_dsx_test_reporting.c:1359:13:is_report_type_valid	0	static
synaptics_dsx_test_reporting.c:1940:16:synaptics_rmi4_f54_report_type_store	64	static
synaptics_dsx_test_reporting.c:2080:16:synaptics_rmi4_f54_get_report_store	80	static
