ksm.c:1827:16:ksm_run_change	0	static
ksm.c:368:12:break_ksm	80	static
ksm.c:686:12:unmerge_ksm_pages	48	static
ksm.c:2406:16:full_scans_show	16	static
ksm.c:2389:16:pages_volatile_show	16	static
ksm.c:2382:16:pages_unshared_show	16	static
ksm.c:2375:16:pages_sharing_show	16	static
ksm.c:2368:16:pages_shared_show	16	static
ksm.c:2262:16:run_show	16	static
ksm.c:2239:16:pages_to_scan_show	16	static
ksm.c:2216:16:sleep_millisecs_show	16	static
ksm.c:2222:16:sleep_millisecs_store	48	static
ksm.c:2245:16:pages_to_scan_store	48	static
ksm.c:500:13:remove_node_from_stable_tree	48	static
ksm.c:541:21:get_ksm_page	80	static
ksm.c:618:13:remove_rmap_item_from_tree	48	static
ksm.c:707:12:remove_stable_node	48	static
ksm.c:416:31:find_mergeable_vma	32	static
ksm.c:430:13:break_cow	48	static
ksm.c:842:12:memcmp_pages	48	static
ksm.c:1087:12:try_to_merge_with_ksm_page	128	static
ksm.c:1398:13:stable_tree_append	0	static
ksm.c:662:13:remove_trailing_rmap_items.isra.4	48	static
ksm.c:2268:16:run_store	128	static
ksm.c:2434:19:ksm_init	48	static
ksm.c:1839:12:ksm_scan_thread	176	static
ksm.c:1917:5:__ksm_enter	64	static
ksm.c:1870:5:ksm_madvise	32	static
ksm.c:1956:6:__ksm_exit	48	static
ksm.c:1994:14:ksm_might_need_to_copy	64	static
ksm.c:2025:5:rmap_walk_ksm	80	static
ksm.c:2088:6:ksm_migrate_page	0	static
