kd_sensorlist.c:1244:5:kdSetSensorSyncFlag	32	static
kd_sensorlist.c:3590:5:mmsys_clk_change_cb	0	static
kd_sensorlist.c:4000:12:CAMERA_HW_Open2	0	static
kd_sensorlist.c:4020:12:CAMERA_HW_Release2	0	static
kd_sensorlist.c:4267:12:CAMERA_HW_suspend2	0	static
kd_sensorlist.c:4276:12:CAMERA_HW_resume2	0	static
kd_sensorlist.c:4464:17:CAMERA_HW_DumpReg_To_Proc3	0	static
kd_sensorlist.c:843:1:kd_MultiSensorGetInfo	80	static
kd_sensorlist.c:905:1:kd_MultiSensorFeatureControl	96	static
kd_sensorlist.c:964:1:kd_MultiSensorControl	128	static
kd_sensorlist.c:1040:1:kd_MultiSensorClose	80	static
kd_sensorlist.c:771:1:kd_MultiSensorOpen	112	static
kd_sensorlist.c:875:1:kd_MultiSensorGetResolution	64	static
kd_sensorlist.c:1274:5:kdSensorSyncFunctionPtr	64	static
kd_sensorlist.c:3956:12:CAMERA_HW_i2c_remove	32	static
kd_sensorlist.c:4156:12:CAMERA_HW_i2c_remove2	32	static
kd_sensorlist.c:4124:12:CAMERA_HW_i2c_probe2	48	static
kd_sensorlist.c:3654:12:CAMERA_HW_Release	32	static
kd_sensorlist.c:3615:12:CAMERA_HW_Open	32	static
kd_sensorlist.c:3311:13:CAMERA_HW_Ioctl_Compat	96	static
kd_sensorlist.c:4764:20:CAMERA_HW_i2C_exit	32	static
kd_sensorlist.c:4261:12:CAMERA_HW_remove2	16	static
kd_sensorlist.c:4225:12:CAMERA_HW_remove	16	static
kd_sensorlist.c:4251:12:CAMERA_HW_probe2	16	static
kd_sensorlist.c:4619:12:proc_camera_info_open	16	static
kd_sensorlist.c:4612:12:subsys_camera_info_read	32	static
kd_sensorlist.c:4532:17:CAMERA_HW_Reg_Debug3	128	static
kd_sensorlist.c:4503:17:CAMERA_HW_Reg_Debug2	128	static
kd_sensorlist.c:4473:17:CAMERA_HW_Reg_Debug	128	static
kd_sensorlist.c:4633:19:CAMERA_HW_i2C_init	48	static
kd_sensorlist.c:1318:5:kdGetRawGainInfoPtr	32	static
kd_sensorlist.c:4459:17:CAMERA_HW_DumpReg_To_Proc2	0	static
kd_sensorlist.c:4455:17:CAMERA_HW_DumpReg_To_Proc	0	static
kd_sensorlist.c:4234:12:CAMERA_HW_suspend	0	static
kd_sensorlist.c:4243:12:CAMERA_HW_resume	0	static
kd_sensorlist.c:178:13:KD_IMGSENSOR_PROFILE_INIT	16	static
kd_sensorlist.c:186:13:KD_IMGSENSOR_PROFILE	32	static
kd_sensorlist.c:290:8:kdGetSensorInitFuncList	16	static
kd_sensorlist.c:305:5:iMultiReadReg	80	static
kd_sensorlist.c:354:5:iReadReg	80	static
kd_sensorlist.c:416:5:iReadRegI2C	80	static
kd_sensorlist.c:475:5:iWriteReg	112	static
kd_sensorlist.c:538:5:kdSetI2CBusNum	32	static
kd_sensorlist.c:552:6:kdSetI2CSpeed	32	static
kd_sensorlist.c:570:5:kdReleaseI2CTriggerLock	0	static
kd_sensorlist.c:586:5:iBurstWriteReg_multi	112	static
kd_sensorlist.c:680:5:iBurstWriteReg	16	static
kd_sensorlist.c:689:5:iMultiWriteReg	32	static
kd_sensorlist.c:714:5:iWriteRegI2C	80	static
kd_sensorlist.c:760:1:kdSetI2CSlaveID	64	static
kd_sensorlist.c:1109:1:kdModulePowerOn	64	static
kd_sensorlist.c:1134:5:kdSetDriver	96	static
kd_sensorlist.c:1214:5:kdSetCurrentSensorIdx	0	static
kd_sensorlist.c:1223:1:kdGetSocketPostion	0	static
kd_sensorlist.c:1260:5:kdCheckSensorPowerOn	0	static
kd_sensorlist.c:1343:5:kdSetExpGain	80	static
kd_sensorlist.c:3460:13:CAMERA_HW_Ioctl	416	static
kd_sensorlist.c:1376:5:kdSensorSetExpGainWaitDone	112	static
kd_sensorlist.c:2960:6:Get_Cam_Regulator	48	static
kd_sensorlist.c:3921:12:CAMERA_HW_i2c_probe	48	static
kd_sensorlist.c:3019:6:_hwPowerOn	48	static
kd_sensorlist.c:3080:6:_hwPowerDown	32	static
kd_sensorlist.c:3765:6:camera_irq_enable	48	static
kd_sensorlist.c:4191:12:CAMERA_HW_probe	80	static
kd_sensorlist.c:3792:20:cam_eint24_interrupt_handler	32	static
kd_sensorlist.c:3828:20:cam_eint22_interrupt_handler	32	static
