mt_soc_codec_63xx.c:522:6:Auddrv_Read_Efuse_HPOffset	0	static
mt_soc_codec_63xx.c:1206:12:mt63xx_codec_prepare	0	static
mt_soc_codec_63xx.c:1221:12:mt6323_codec_trigger	0	static
mt_soc_codec_63xx.c:1765:12:Audio_AmpL_Get	0	static
mt_soc_codec_63xx.c:1795:12:Audio_AmpR_Get	0	static
mt_soc_codec_63xx.c:1918:12:Voice_Amp_Get	0	static
mt_soc_codec_63xx.c:2631:12:Lineout_PGAL_Get	0	static
mt_soc_codec_63xx.c:2659:12:Lineout_PGAR_Get	0	static
mt_soc_codec_63xx.c:2687:12:Handset_PGA_Get	0	static
mt_soc_codec_63xx.c:2719:12:Headset_PGAL_Get	0	static
mt_soc_codec_63xx.c:2752:12:Headset_PGAR_Get	0	static
mt_soc_codec_63xx.c:2795:12:Audio_Hp_Impedance_Set	0	static
mt_soc_codec_63xx.c:3730:12:Audio_ADC1_Sel_Get	0	static
mt_soc_codec_63xx.c:4147:12:Audio_Vow_ADC_Func_Switch_Get	0	static
mt_soc_codec_63xx.c:4175:12:Audio_Vow_Digital_Func_Switch_Get	0	static
mt_soc_codec_63xx.c:4205:12:Audio_Vow_MIC_Type_Select_Get	0	static
mt_soc_codec_63xx.c:4224:12:Audio_Vow_Cfg0_Get	0	static
mt_soc_codec_63xx.c:4233:12:Audio_Vow_Cfg0_Set	0	static
mt_soc_codec_63xx.c:4240:12:Audio_Vow_Cfg1_Get	0	static
mt_soc_codec_63xx.c:4249:12:Audio_Vow_Cfg1_Set	0	static
mt_soc_codec_63xx.c:4256:12:Audio_Vow_Cfg2_Get	0	static
mt_soc_codec_63xx.c:4265:12:Audio_Vow_Cfg2_Set	0	static
mt_soc_codec_63xx.c:4272:12:Audio_Vow_Cfg3_Get	0	static
mt_soc_codec_63xx.c:4281:12:Audio_Vow_Cfg3_Set	0	static
mt_soc_codec_63xx.c:4288:12:Audio_Vow_Cfg4_Get	0	static
mt_soc_codec_63xx.c:4297:12:Audio_Vow_Cfg4_Set	0	static
mt_soc_codec_63xx.c:4304:12:Audio_Vow_Cfg5_Get	0	static
mt_soc_codec_63xx.c:4313:12:Audio_Vow_Cfg5_Set	0	static
mt_soc_codec_63xx.c:4320:12:Audio_Vow_State_Get	0	static
mt_soc_codec_63xx.c:4328:12:Audio_Vow_State_Set	0	static
mt_soc_codec_63xx.c:4781:12:mt6331_codec_remove	0	static
mt_soc_codec_63xx.c:4212:12:Audio_Vow_MIC_Type_Select_Set	16	static
mt_soc_codec_63xx.c:4183:12:Audio_Vow_Digital_Func_Switch_Set	16	static
mt_soc_codec_63xx.c:4154:12:Audio_Vow_ADC_Func_Switch_Set	16	static
mt_soc_codec_63xx.c:4133:12:Audio_Adc_Power_Mode_Set	16	static
mt_soc_codec_63xx.c:4112:12:Audio_Mic4_Mode_Select_Set	16	static
mt_soc_codec_63xx.c:4091:12:Audio_Mic3_Mode_Select_Set	16	static
mt_soc_codec_63xx.c:4068:12:Audio_Mic2_Mode_Select_Set	16	static
mt_soc_codec_63xx.c:4046:12:Audio_Mic1_Mode_Select_Set	16	static
mt_soc_codec_63xx.c:3983:12:Audio_MicSource1_Set	16	static
mt_soc_codec_63xx.c:2822:12:Analog_Switch_Get	32	static
mt_soc_codec_63xx.c:2592:12:Audio_AuxAdcData_Set	16	static
mt_soc_codec_63xx.c:4354:12:Pmic_Loopback_Get	32	static
mt_soc_codec_63xx.c:4430:12:SineTable_UL2_Get	32	static
mt_soc_codec_63xx.c:4500:12:Voice_Call_DAC_DAC_HS_Get	32	static
mt_soc_codec_63xx.c:4485:12:ADC_LOOP_DAC_HP_Set	32	static
mt_soc_codec_63xx.c:4478:12:ADC_LOOP_DAC_HP_Get	32	static
mt_soc_codec_63xx.c:4464:12:ADC_LOOP_DAC_HS_Set	32	static
mt_soc_codec_63xx.c:4457:12:ADC_LOOP_DAC_HS_Get	32	static
mt_soc_codec_63xx.c:4437:12:SineTable_DAC_HP_Get	32	static
mt_soc_codec_63xx.c:3875:12:Audio_PreAmp2_Get	32	static
mt_soc_codec_63xx.c:4125:12:Audio_Adc_Power_Mode_Get	32	static
mt_soc_codec_63xx.c:4104:12:Audio_Mic4_Mode_Select_Get	32	static
mt_soc_codec_63xx.c:4083:12:Audio_Mic3_Mode_Select_Get	32	static
mt_soc_codec_63xx.c:4060:12:Audio_Mic2_Mode_Select_Get	32	static
mt_soc_codec_63xx.c:4038:12:Audio_Mic1_Mode_Select_Get	32	static
mt_soc_codec_63xx.c:3975:12:Audio_MicSource1_Get	32	static
mt_soc_codec_63xx.c:3926:12:Audio_PGA2_Get	32	static
mt_soc_codec_63xx.c:3900:12:Audio_PGA1_Get	32	static
mt_soc_codec_63xx.c:3760:12:Audio_ADC2_Sel_Get	32	static
mt_soc_codec_63xx.c:3832:12:Audio_PreAmp1_Get	32	static
mt_soc_codec_63xx.c:3660:12:Audio_ADC2_Get	32	static
mt_soc_codec_63xx.c:3614:12:Audio_ADC1_Get	32	static
mt_soc_codec_63xx.c:2786:12:Audio_Hp_Impedance_Get	32	static
mt_soc_codec_63xx.c:2234:12:Receiver_Speaker_Switch_Get	32	static
mt_soc_codec_63xx.c:2165:12:Ext_Speaker_Amp_Get	32	static
mt_soc_codec_63xx.c:2803:12:Aud_Clk_Buf_Get	32	static
mt_soc_codec_63xx.c:2406:12:Headset_Speaker_Amp_Get	32	static
mt_soc_codec_63xx.c:2021:12:Speaker_Amp_Get	32	static
mt_soc_codec_63xx.c:1034:13:SetHprOffsetTrim	16	static
mt_soc_codec_63xx.c:4794:12:mt6331_write	16	static
mt_soc_codec_63xx.c:3884:12:Audio_PreAmp2_Set	32	static
mt_soc_codec_63xx.c:3935:12:Audio_PGA2_Set	32	static
mt_soc_codec_63xx.c:3909:12:Audio_PGA1_Set	32	static
mt_soc_codec_63xx.c:3767:12:Audio_ADC2_Sel_Set	32	static
mt_soc_codec_63xx.c:3737:12:Audio_ADC1_Sel_Set	32	static
mt_soc_codec_63xx.c:3841:12:Audio_PreAmp1_Set	32	static
mt_soc_codec_63xx.c:1109:13:SetDCcoupleNP	16	static
mt_soc_codec_63xx.c:2762:12:Headset_PGAR_Set	32	static
mt_soc_codec_63xx.c:2728:12:Headset_PGAL_Set	32	static
mt_soc_codec_63xx.c:1601:13:HeadsetVoloumeSet	48	static
mt_soc_codec_63xx.c:1569:13:HeadsetVoloumeRestore	48	static
mt_soc_codec_63xx.c:615:13:Apply_Speaker_Gain	48	static
mt_soc_codec_63xx.c:383:13:NvregEnable	48	static
mt_soc_codec_63xx.c:325:13:ClsqEnable	48	static
mt_soc_codec_63xx.c:354:13:Topck_Enable	48	static
mt_soc_codec_63xx.c:4871:19:mtk_mt6331_codec_init	16	static
mt_soc_codec_63xx.c:4839:12:mtk_mt6331_codec_dev_remove	32	static
mt_soc_codec_63xx.c:4821:12:mtk_mt6331_codec_dev_probe	32	static
mt_soc_codec_63xx.c:4787:21:mt6331_read	16	static
mt_soc_codec_63xx.c:4896:20:mtk_mt6331_codec_exit	16	static
mt_soc_codec_63xx.c:1186:6:mt63xx_codec_startup	0	static
mt_soc_codec_63xx.c:2578:12:Audio_AuxAdcData_Get	16	static
mt_soc_codec_63xx.c:4508:12:Voice_Call_DAC_DAC_HS_Set	16	static
mt_soc_codec_63xx.c:4444:12:SineTable_DAC_HP_Set	16	static
mt_soc_codec_63xx.c:1825:12:PMIC_REG_CLEAR_Set	16	static
mt_soc_codec_63xx.c:1842:12:PMIC_REG_CLEAR_Get	16	static
mt_soc_codec_63xx.c:4338:12:SineTable_UL2_Set	16	static
mt_soc_codec_63xx.c:2638:12:Lineout_PGAL_Set	32	static
mt_soc_codec_63xx.c:2666:12:Lineout_PGAR_Set	32	static
mt_soc_codec_63xx.c:2696:12:Handset_PGA_Set	32	static
mt_soc_codec_63xx.c:409:13:HP_Ana_Switch_to_On	32	static
mt_soc_codec_63xx.c:441:13:HP_Ana_Switch_to_Release	32	static
mt_soc_codec_63xx.c:2829:12:Analog_Switch_Set	16	static
mt_soc_codec_63xx.c:2244:12:Receiver_Speaker_Switch_Set	32	static
mt_soc_codec_63xx.c:2173:12:Ext_Speaker_Amp_Set	32	static
mt_soc_codec_63xx.c:4031:12:Audio_MicSource4_Set	0	static
mt_soc_codec_63xx.c:3706:12:Audio_ADC3_Get	0	static
mt_soc_codec_63xx.c:3712:12:Audio_ADC3_Set	0	static
mt_soc_codec_63xx.c:3718:12:Audio_ADC4_Get	0	static
mt_soc_codec_63xx.c:3724:12:Audio_ADC4_Set	0	static
mt_soc_codec_63xx.c:3789:12:Audio_ADC3_Sel_Get	0	static
mt_soc_codec_63xx.c:3795:12:Audio_ADC3_Sel_Set	0	static
mt_soc_codec_63xx.c:3801:12:Audio_ADC4_Sel_Get	0	static
mt_soc_codec_63xx.c:3807:12:Audio_ADC4_Sel_Set	0	static
mt_soc_codec_63xx.c:3951:12:Audio_PGA3_Get	0	static
mt_soc_codec_63xx.c:3957:12:Audio_PGA3_Set	0	static
mt_soc_codec_63xx.c:3963:12:Audio_PGA4_Get	0	static
mt_soc_codec_63xx.c:3969:12:Audio_PGA4_Set	0	static
mt_soc_codec_63xx.c:4000:12:Audio_MicSource2_Get	0	static
mt_soc_codec_63xx.c:4006:12:Audio_MicSource2_Set	0	static
mt_soc_codec_63xx.c:4012:12:Audio_MicSource3_Get	0	static
mt_soc_codec_63xx.c:4018:12:Audio_MicSource3_Set	0	static
mt_soc_codec_63xx.c:4025:12:Audio_MicSource4_Get	0	static
mt_soc_codec_63xx.c:284:6:audckbufEnable	48	static
mt_soc_codec_63xx.c:1544:13:TurnOffDacPower	16	static
mt_soc_codec_63xx.c:4361:12:Pmic_Loopback_Set	32	static
mt_soc_codec_63xx.c:2810:12:Aud_Clk_Buf_Set	16	static
mt_soc_codec_63xx.c:4707:12:mt6331_codec_probe	64	static
mt_soc_codec_63xx.c:3195:13:TurnOnADcPowerDmic	48	static
mt_soc_codec_63xx.c:505:6:vow_irq_handler	0	static
mt_soc_codec_63xx.c:652:6:setOffsetTrimMux	16	static
mt_soc_codec_63xx.c:658:6:setOffsetTrimBufferGain	16	static
mt_soc_codec_63xx.c:669:6:SetHplSpkTrimOffset	32	static
mt_soc_codec_63xx.c:679:6:SetHprSpkTrimOffset	32	static
mt_soc_codec_63xx.c:689:6:SetHplTrimOffset	32	static
mt_soc_codec_63xx.c:699:6:SetHprTrimOffset	32	static
mt_soc_codec_63xx.c:709:6:EnableTrimbuffer	16	static
mt_soc_codec_63xx.c:980:6:setLineOutGainZero	16	static
mt_soc_codec_63xx.c:987:6:setHpGainZero	16	static
mt_soc_codec_63xx.c:993:6:SetSdmLevel	16	static
mt_soc_codec_63xx.c:1147:8:GetULFrequency	0	static
mt_soc_codec_63xx.c:1168:8:ULSampleRateTransform	0	static
mt_soc_codec_63xx.c:1455:8:GetDLNewIFFrequency	32	static
mt_soc_codec_63xx.c:1493:13:TurnOnDacPower	32	static
mt_soc_codec_63xx.c:1632:13:Audio_Amp_Change.isra.24	32	static
mt_soc_codec_63xx.c:865:6:OpenAnalogHeadphone	32	static
mt_soc_codec_63xx.c:1774:12:Audio_AmpL_Set	48	static
mt_soc_codec_63xx.c:1804:12:Audio_AmpR_Set	48	static
mt_soc_codec_63xx.c:1859:13:Voice_Amp_Change	16	static
mt_soc_codec_63xx.c:1927:12:Voice_Amp_Set	48	static
mt_soc_codec_63xx.c:1948:13:Speaker_Amp_Change	16	static
mt_soc_codec_63xx.c:223:6:SetAnalogSuspend	48	static
mt_soc_codec_63xx.c:2029:12:Speaker_Amp_Set	48	static
mt_soc_codec_63xx.c:720:6:OpenTrimBufferHardware	16	static
mt_soc_codec_63xx.c:794:6:OpenAnalogTrimHardware	16	static
mt_soc_codec_63xx.c:2265:13:Headset_Speaker_Amp_Change	32	static
mt_soc_codec_63xx.c:884:6:OpenAnalogHeadphoneSpeaker	32	static
mt_soc_codec_63xx.c:2415:12:Headset_Speaker_Amp_Set	48	static
mt_soc_codec_63xx.c:902:6:OpenHeadPhoneImpedanceSetting	16	static
mt_soc_codec_63xx.c:2910:6:SetMicPGAGain	32	static
mt_soc_codec_63xx.c:2946:13:TurnOnADcPowerACC	48	static
mt_soc_codec_63xx.c:3284:13:TurnOnADcPowerDCC.isra.27	48	static
mt_soc_codec_63xx.c:3669:12:Audio_ADC2_Set	48	static
mt_soc_codec_63xx.c:3623:12:Audio_ADC1_Set	48	static
mt_soc_codec_63xx.c:4667:6:InitCodecDefault	0	static
