xhci-mtk-driver.c:1426:20:xhci_hcd_cleanup	0	static
xhci-mtk-driver.c:655:20:xhci_eint_iddig_isr	32	static
xhci-mtk-driver.c:149:6:switch_int_to_host_and_mask	32	static
xhci-mtk-driver.c:168:13:mtk_set_iddig_in_detect	32	static
xhci-mtk-driver.c:187:6:mtk_is_usb_id_pin_short_gnd	0	static
xhci-mtk-driver.c:571:6:mtk_xhci_switch_init	16	static
xhci-mtk-driver.c:695:5:mtk_xhci_eint_iddig_init	48	static
xhci-mtk-driver.c:1416:19:xhci_hcd_init	32	static
xhci-mtk-driver.c:736:6:mtk_xhci_eint_iddig_deinit	32	static
xhci-mtk-driver.c:758:6:mtk_set_host_mode_in_host	0	static
xhci-mtk-driver.c:763:6:mtk_set_host_mode_out	0	static
xhci-mtk-driver.c:768:6:mtk_is_host_mode	0	static
xhci-mtk-driver.c:938:6:mtk_xhci_wakelock_init	32	static
xhci-mtk-driver.c:947:6:mtk_xhci_wakelock_lock	16	static
xhci-mtk-driver.c:954:6:mtk_xhci_wakelock_unlock	16	static
xhci-mtk-driver.c:585:6:mtk_xhci_mode_switch	48	static
xhci-mtk-driver.c:773:6:mtk_unload_xhci_on_ipo	32	static
xhci-mtk-driver.c:961:5:mtk_xhci_set	48	static
xhci-mtk-driver.c:990:6:mtk_xhci_reset	32	static
xhci-mtk-driver.c:1001:6:mtk_xhci_ck_timer_init	0	static
xhci-mtk-driver.c:1118:5:mtk_xhci_ip_init	32	static
