epl25903.c:2556:16:epl_sensor_show_ps_polling	0	static
epl25903.c:2563:16:epl_sensor_show_als_polling	0	static
epl25903.c:3576:12:ps_open_report_data	0	static
epl25903.c:3631:12:ps_set_delay	0	static
epl25903.c:1447:12:als_sensing_time	48	static
epl25903.c:4275:20:epl_sensor_exit	16	static
epl25903.c:3412:12:epl_sensor_i2c_resume	16	static
epl25903.c:3377:12:epl_sensor_i2c_suspend	16	static
epl25903.c:3012:12:epl_sensor_release	32	static
epl25903.c:3286:13:epl2182_compat_ioctl	16	static
epl25903.c:4247:19:epl_sensor_init	32	static
epl25903.c:4233:12:alsps_remove	32	static
epl25903.c:3869:12:epl_sensor_i2c_detect	0	static
epl25903.c:4118:12:epl_sensor_i2c_remove	64	static
epl25903.c:2651:16:epl_sensor_show_als_intr_table	64	static
epl25903.c:2020:16:epl_sensor_show_threshold	32	static
epl25903.c:2639:16:epl_sensor_show_renvo	32	static
epl25903.c:1860:16:epl_sensor_show_status	80	static
epl25903.c:2048:16:epl_sensor_store_wait_time	48	static
epl25903.c:1986:16:epl_sensor_store_threshold	80	static
epl25903.c:2085:16:epl_sensor_store_mode	80	static
epl25903.c:2530:16:epl_sensor_store_als_lux_per_count	48	static
epl25903.c:1817:16:epl_sensor_show_reg	64	static
epl25903.c:906:13:set_als_ps_intr_type.isra.0	0	static
epl25903.c:992:12:epl_sensor_get_als_value	32	static
epl25903.c:3842:12:als_intr_update_table.isra.3	80	static
epl25903.c:2343:16:epl_sensor_store_als_report_type	64	static
epl25903.c:375:12:epl_sensor_I2C_Write_Cmd	80	static
epl25903.c:2613:16:epl_sensor_store_reg_write	64	static
epl25903.c:2538:16:epl_sensor_store_ps_cancelation	64	static
epl25903.c:2451:16:epl_sensor_store_unlock	64	static
epl25903.c:2156:16:epl_sensor_store_ir_contrl	96	static
epl25903.c:2192:16:epl_sensor_store_ir_drive	80	static
epl25903.c:2123:16:epl_sensor_store_ir_mode	80	static
epl25903.c:413:12:epl_sensor_I2C_Read	112	static
epl25903.c:2994:12:epl_sensor_open	48	static
epl25903.c:610:12:arima_ps_calibration_read.isra.10	96	static
epl25903.c:2803:16:epl_sensor_show_ps_read_ct	32	static
epl25903.c:2784:16:epl_sensor_show_ps_read_cal	32	static
epl25903.c:512:12:write_factory_calibration.isra.14	64	static
epl25903.c:2429:16:epl_sensor_store_ps_w_calfile	96	static
epl25903.c:4209:12:alsps_local_init	32	static
epl25903.c:3877:12:epl_sensor_i2c_probe	240	static
epl25903.c:2822:16:epl_sensor_show_ps_savedata	96	static
epl25903.c:3549:12:als_set_delay	0	static
epl25903.c:3508:12:als_open_report_data	0	static
epl25903.c:1124:5:hw8k_init_device	32	static
epl25903.c:1132:5:epl_sensor_get_addr	0	static
epl25903.c:1307:5:epl_sensor_read_als	64	static
epl25903.c:3554:12:als_get_data	48	static
epl25903.c:1348:5:epl_sensor_read_ps	80	static
epl25903.c:3636:12:ps_get_data	48	static
epl25903.c:1481:6:epl_sensor_fast_update	64	static
epl25903.c:1525:6:epl_sensor_update_mode	112	static
epl25903.c:1396:5:epl_sensor_ps_data	32	static
epl25903.c:2585:16:epl_sensor_show_pdata	48	static
epl25903.c:2570:16:epl_sensor_show_ps_run_cali	96	static
epl25903.c:1421:5:epl_sensor_als_data	32	static
epl25903.c:2599:16:epl_sensor_show_als_data	48	static
epl25903.c:1948:16:epl_sensor_show_cal_raw	32	static
epl25903.c:3020:13:epl_sensor_unlocked_ioctl	96	static
epl25903.c:2835:16:epl_sensor_show_als_rawdata	48	static
epl25903.c:2757:16:epl_sensor_show_ps_rawdata	48	static
epl25903.c:2713:16:epl_sensor_show_ps_crosstalk_raw	64	static
epl25903.c:2672:16:epl_sensor_show_ps_cal_raw	64	static
epl25903.c:2504:16:epl_sensor_store_als_ch_sel	80	static
epl25903.c:2312:16:epl_sensor_store_cycle	80	static
epl25903.c:2282:16:epl_sensor_store_adc	80	static
epl25903.c:2059:16:epl_sensor_store_gain	80	static
epl25903.c:2250:16:epl_sensor_store_integration	80	static
epl25903.c:2215:16:epl_sensor_store_interrupt_type	80	static
epl25903.c:2358:16:epl_sensor_store_ps_polling_mode	48	static
epl25903.c:1922:16:epl_sensor_store_ps_enable	64	static
epl25903.c:2393:16:epl_sensor_store_als_polling_mode	48	static
epl25903.c:1898:16:epl_sensor_store_als_enable	64	static
epl25903.c:3515:12:als_enable_nodata	80	static
epl25903.c:3584:6:epl_psensor_lock	32	static
epl25903.c:3599:12:ps_enable_nodata	48	static
