leds.c:55:12:mtkfb_set_backlight_level	0	static
leds.c:150:6:mt_leds_wake_lock_init	32	static
leds.c:155:14:mt_get_bl_brightness	0	static
leds.c:160:14:mt_get_bl_duty	0	static
leds.c:165:14:mt_get_bl_div	0	static
leds.c:170:14:mt_get_bl_frequency	0	static
leds.c:175:15:mt_get_div_array	0	static
leds.c:180:6:mt_set_bl_duty	0	static
leds.c:185:6:mt_set_bl_div	0	static
leds.c:190:6:mt_set_bl_frequency	0	static
leds.c:195:25:get_cust_led_dtsi	160	static
leds.c:322:25:mt_get_cust_led_list	16	static
leds.c:355:5:mt_led_set_pwm	128	static
leds.c:534:5:mt_led_blink_pmic	64	static
leds.c:644:5:mt_backlight_set_pwm	128	static
leds.c:754:6:mt_led_pwm_disable	32	static
leds.c:761:6:mt_backlight_set_pwm_duty	16	static
leds.c:767:6:mt_backlight_set_pwm_div	16	static
leds.c:773:6:mt_backlight_get_pwm_fsel	0	static
leds.c:778:6:mt_store_pwm_register	0	static
leds.c:783:14:mt_show_pwm_register	0	static
leds.c:789:5:mt_brightness_set_pmic	48	static
leds.c:1170:5:mt_brightness_set_pmic_duty_store	0	static
leds.c:1175:5:mt_mt65xx_led_set_cust	64	static
leds.c:1273:6:mt_mt65xx_led_work	48	static
leds.c:1284:6:mt_mt65xx_led_set	96	static
leds.c:1369:5:mt_mt65xx_blink_set	48	static
