switch_charging.c:714:21:charging_full_check	32	static
switch_charging.c:741:12:mtk_check_aicr_upper_bound	16	static
switch_charging.c:97:14:get_cv_voltage	0	static
switch_charging.c:126:6:BATTERY_SetUSBState	32	static
switch_charging.c:144:14:get_charging_setting_current	0	static
switch_charging.c:149:5:mtk_get_dynamic_cv	0	static
switch_charging.c:269:12:do_jeita_state_machine	48	static
switch_charging.c:452:6:get_usb_current_unlimited	0	static
switch_charging.c:460:6:set_usb_current_unlimited	0	static
switch_charging.c:467:14:set_chr_input_current_limit	64	static
switch_charging.c:603:5:mtk_chr_reset_aicr_upper_bound	0	static
switch_charging.c:609:5:set_chr_boost_current_limit	32	static
switch_charging.c:619:5:set_chr_enable_otg	32	static
switch_charging.c:628:5:mtk_chr_get_tchr	48	static
switch_charging.c:643:5:mtk_chr_get_soc	0	static
switch_charging.c:655:5:mtk_chr_get_ui_soc	0	static
switch_charging.c:668:5:mtk_chr_get_vbat	0	static
switch_charging.c:680:5:mtk_chr_get_ibat	0	static
switch_charging.c:686:5:mtk_chr_get_vbus	0	static
switch_charging.c:697:5:mtk_chr_get_aicr	48	static
switch_charging.c:708:5:mtk_chr_is_charger_exist	0	static
switch_charging.c:756:6:select_charging_current	48	static
switch_charging.c:843:6:select_charging_current_bcct	16	static
switch_charging.c:909:13:mtk_select_ichg_aicr	80	static
switch_charging.c:550:14:set_bat_charging_current_limit	64	static
switch_charging.c:1051:13:pchr_turn_on_charging	48	static
switch_charging.c:1102:12:BAT_PreChargeModeAction	48	static
switch_charging.c:1175:12:BAT_ConstantCurrentModeAction	48	static
switch_charging.c:1205:12:BAT_BatteryFullAction	64	static
switch_charging.c:1253:12:BAT_BatteryHoldAction	48	static
switch_charging.c:1281:12:BAT_BatteryStatusFailAction	32	static
switch_charging.c:1336:6:mt_battery_charging_algorithm	32	static
