battery_common_fg_20.c:616:12:wireless_get_property	0	static
battery_common_fg_20.c:633:12:ac_get_property	0	static
battery_common_fg_20.c:650:12:usb_get_property	0	static
battery_common_fg_20.c:795:12:battery_set_property	0	static
battery_common_fg_20.c:810:12:battery_property_is_writeable	0	static
battery_common_fg_20.c:1909:16:store_Pump_Express	0	static
battery_common_fg_20.c:3919:12:adc_cali_release	0	static
battery_common_fg_20.c:5147:12:cmd_open	0	static
battery_common_fg_20.c:4909:12:battery_remove	16	static
battery_common_fg_20.c:1861:16:store_Charger_Type	32	static
battery_common_fg_20.c:557:6:wake_up_bat3	32	static
battery_common_fg_20.c:566:16:bat_log_write	48	static
battery_common_fg_20.c:683:12:battery_get_property	32	static
battery_common_fg_20.c:5501:13:battery_init_work_callback	32	static
battery_common_fg_20.c:5432:12:mt_batteryNotify_dts_probe	32	static
battery_common_fg_20.c:5381:12:battery_dts_probe	32	static
battery_common_fg_20.c:5259:12:mt_batteryNotify_probe	48	static
battery_common_fg_20.c:5207:16:safety_timer_cmd_write	96	static
battery_common_fg_20.c:5167:16:power_path_cmd_write	96	static
battery_common_fg_20.c:4962:16:store_BN_TestMode	64	static
battery_common_fg_20.c:4938:16:store_BatteryNotify	64	static
battery_common_fg_20.c:1731:16:store_Enable_Charger_HIZ_Mode	48	static
battery_common_fg_20.c:1662:16:store_Charging_Animation_Battery_Capacity	32	static
battery_common_fg_20.c:1697:16:store_FP022589_Battery_Swelling_Mitigation_for_retail_demo_enable	32	static
battery_common_fg_20.c:4956:16:show_BN_TestMode	48	static
battery_common_fg_20.c:4931:16:show_BatteryNotify	48	static
battery_common_fg_20.c:1718:16:show_Enable_Charger_HIZ_Mode	48	static
battery_common_fg_20.c:1685:16:show_FP022589_Battery_Swelling_Mitigation_for_retail_demo_enable	48	static
battery_common_fg_20.c:1851:16:show_Charger_Type	48	static
battery_common_fg_20.c:1826:16:show_Charging_CallState	48	static
battery_common_fg_20.c:1781:16:show_FG_Battery_CurrentConsumption	48	static
battery_common_fg_20.c:1758:16:show_Charger_TopOff_Value	32	static
battery_common_fg_20.c:1636:16:show_Power_Off_Voltage	32	static
battery_common_fg_20.c:1615:16:show_Power_On_Voltage	32	static
battery_common_fg_20.c:1592:16:show_ADC_Channel_Is_Calibration	48	static
battery_common_fg_20.c:1569:16:show_ADC_Channel_13_Offset	48	static
battery_common_fg_20.c:1546:16:show_ADC_Channel_12_Offset	48	static
battery_common_fg_20.c:1523:16:show_ADC_Channel_11_Offset	48	static
battery_common_fg_20.c:1500:16:show_ADC_Channel_10_Offset	48	static
battery_common_fg_20.c:1477:16:show_ADC_Channel_9_Offset	48	static
battery_common_fg_20.c:1454:16:show_ADC_Channel_8_Offset	48	static
battery_common_fg_20.c:1431:16:show_ADC_Channel_7_Offset	48	static
battery_common_fg_20.c:1408:16:show_ADC_Channel_6_Offset	48	static
battery_common_fg_20.c:1385:16:show_ADC_Channel_5_Offset	48	static
battery_common_fg_20.c:1362:16:show_ADC_Channel_4_Offset	48	static
battery_common_fg_20.c:1339:16:show_ADC_Channel_3_Offset	48	static
battery_common_fg_20.c:1316:16:show_ADC_Channel_2_Offset	48	static
battery_common_fg_20.c:1293:16:show_ADC_Channel_1_Offset	48	static
battery_common_fg_20.c:1270:16:show_ADC_Channel_0_Offset	48	static
battery_common_fg_20.c:1246:16:show_ADC_Channel_13_Slope	48	static
battery_common_fg_20.c:1223:16:show_ADC_Channel_12_Slope	48	static
battery_common_fg_20.c:1200:16:show_ADC_Channel_11_Slope	48	static
battery_common_fg_20.c:1177:16:show_ADC_Channel_10_Slope	48	static
battery_common_fg_20.c:1155:16:show_ADC_Channel_9_Slope	48	static
battery_common_fg_20.c:1133:16:show_ADC_Channel_8_Slope	48	static
battery_common_fg_20.c:1111:16:show_ADC_Channel_7_Slope	48	static
battery_common_fg_20.c:1089:16:show_ADC_Channel_6_Slope	48	static
battery_common_fg_20.c:1067:16:show_ADC_Channel_5_Slope	48	static
battery_common_fg_20.c:1045:16:show_ADC_Channel_4_Slope	48	static
battery_common_fg_20.c:1023:16:show_ADC_Channel_3_Slope	48	static
battery_common_fg_20.c:1001:16:show_ADC_Channel_2_Slope	48	static
battery_common_fg_20.c:979:16:show_ADC_Channel_1_Slope	48	static
battery_common_fg_20.c:957:16:show_ADC_Channel_0_Slope	48	static
battery_common_fg_20.c:938:16:show_ADC_Charger_Voltage	48	static
battery_common_fg_20.c:5193:16:safety_timer_cmd_read	320	static
battery_common_fg_20.c:5153:16:power_path_cmd_read	320	static
battery_common_fg_20.c:5052:12:proc_utilization_open	16	static
battery_common_fg_20.c:5116:12:proc_utilization_open_cur_stop	16	static
battery_common_fg_20.c:5040:12:proc_utilization_show	32	static
battery_common_fg_20.c:5007:16:battery_cmd_write	96	static
battery_common_fg_20.c:5063:16:current_cmd_write	112	static
battery_common_fg_20.c:4916:13:battery_shutdown	32	static
battery_common_fg_20.c:1874:16:show_Pump_Express	48	static
battery_common_fg_20.c:1805:16:show_FG_SW_CoulombCounter	48	static
battery_common_fg_20.c:2446:21:mt_battery_average_method	80	static
battery_common_fg_20.c:5101:12:current_cmd_read	48	static
battery_common_fg_20.c:541:6:wake_up_bat	48	static
battery_common_fg_20.c:3702:13:adc_cali_ioctl	80	static
battery_common_fg_20.c:4028:22:charger_hv_detect_sw_workaround	32	static
battery_common_fg_20.c:5345:12:battery_pm_restore_noirq	16	static
battery_common_fg_20.c:5336:12:battery_pm_restore	16	static
battery_common_fg_20.c:5327:12:battery_pm_freeze	16	static
battery_common_fg_20.c:5318:12:battery_pm_resume	16	static
battery_common_fg_20.c:5309:12:battery_pm_suspend	16	static
battery_common_fg_20.c:5520:19:battery_init	48	static
battery_common_fg_20.c:1832:16:store_Charging_CallState	32	static
battery_common_fg_20.c:5121:16:discharging_cmd_write	112	static
battery_common_fg_20.c:493:10:upmu_is_chr_det	48	static
battery_common_fg_20.c:3914:12:adc_cali_open	0	static
battery_common_fg_20.c:945:16:store_ADC_Charger_Voltage	32	static
battery_common_fg_20.c:967:16:store_ADC_Channel_0_Slope	32	static
battery_common_fg_20.c:989:16:store_ADC_Channel_1_Slope	32	static
battery_common_fg_20.c:1011:16:store_ADC_Channel_2_Slope	32	static
battery_common_fg_20.c:1033:16:store_ADC_Channel_3_Slope	32	static
battery_common_fg_20.c:1055:16:store_ADC_Channel_4_Slope	32	static
battery_common_fg_20.c:1077:16:store_ADC_Channel_5_Slope	32	static
battery_common_fg_20.c:1099:16:store_ADC_Channel_6_Slope	32	static
battery_common_fg_20.c:1121:16:store_ADC_Channel_7_Slope	32	static
battery_common_fg_20.c:1143:16:store_ADC_Channel_8_Slope	32	static
battery_common_fg_20.c:1165:16:store_ADC_Channel_9_Slope	32	static
battery_common_fg_20.c:1187:16:store_ADC_Channel_10_Slope	32	static
battery_common_fg_20.c:1210:16:store_ADC_Channel_11_Slope	32	static
battery_common_fg_20.c:1233:16:store_ADC_Channel_12_Slope	32	static
battery_common_fg_20.c:1256:16:store_ADC_Channel_13_Slope	32	static
battery_common_fg_20.c:1280:16:store_ADC_Channel_0_Offset	32	static
battery_common_fg_20.c:1303:16:store_ADC_Channel_1_Offset	32	static
battery_common_fg_20.c:1326:16:store_ADC_Channel_2_Offset	32	static
battery_common_fg_20.c:1349:16:store_ADC_Channel_3_Offset	32	static
battery_common_fg_20.c:1372:16:store_ADC_Channel_4_Offset	32	static
battery_common_fg_20.c:1395:16:store_ADC_Channel_5_Offset	32	static
battery_common_fg_20.c:1418:16:store_ADC_Channel_6_Offset	32	static
battery_common_fg_20.c:1441:16:store_ADC_Channel_7_Offset	32	static
battery_common_fg_20.c:1464:16:store_ADC_Channel_8_Offset	32	static
battery_common_fg_20.c:1487:16:store_ADC_Channel_9_Offset	32	static
battery_common_fg_20.c:1510:16:store_ADC_Channel_10_Offset	32	static
battery_common_fg_20.c:1533:16:store_ADC_Channel_11_Offset	32	static
battery_common_fg_20.c:1556:16:store_ADC_Channel_12_Offset	32	static
battery_common_fg_20.c:1579:16:store_ADC_Channel_13_Offset	32	static
battery_common_fg_20.c:1602:16:store_ADC_Channel_Is_Calibration	32	static
battery_common_fg_20.c:1624:16:store_Power_On_Voltage	32	static
battery_common_fg_20.c:1645:16:store_Power_Off_Voltage	32	static
battery_common_fg_20.c:1768:16:store_Charger_TopOff_Value	32	static
battery_common_fg_20.c:1791:16:store_FG_Battery_CurrentConsumption	32	static
battery_common_fg_20.c:1815:16:store_FG_SW_CoulombCounter	32	static
battery_common_fg_20.c:421:6:mt_battery_update_time	64	static
battery_common_fg_20.c:441:14:mt_battery_get_duration_time	0	static
battery_common_fg_20.c:446:17:mt_battery_get_duration_time_act	0	static
battery_common_fg_20.c:451:6:charging_suspend_enable	32	static
battery_common_fg_20.c:459:6:charging_suspend_disable	32	static
battery_common_fg_20.c:467:5:read_tbat_value	0	static
battery_common_fg_20.c:472:5:get_charger_detect_status	32	static
battery_common_fg_20.c:593:5:init_proc_log	16	static
battery_common_fg_20.c:918:5:battery_get_qns_current	0	static
battery_common_fg_20.c:928:6:mt_battery_set_init_vol	0	static
battery_common_fg_20.c:2142:6:update_charger_info	16	static
battery_common_fg_20.c:2236:15:bat_is_kpoc	0	static
battery_common_fg_20.c:2251:10:pmic_chrdet_status	32	static
battery_common_fg_20.c:2264:10:bat_is_charger_exist	32	static
battery_common_fg_20.c:2270:10:bat_is_charging_full	0	static
battery_common_fg_20.c:2279:14:bat_get_ui_percentage	0	static
battery_common_fg_20.c:2291:14:bat_is_recharging_phase	0	static
battery_common_fg_20.c:2297:5:get_bat_charging_current_level	32	static
battery_common_fg_20.c:2307:12:do_batt_temp_state_machine	32	static
battery_common_fg_20.c:2358:15:BAT_Get_Battery_Voltage	16	static
battery_common_fg_20.c:2463:6:mt_battery_GetBatteryData	224	static
battery_common_fg_20.c:3040:6:mt_battery_notify_check	64	static
battery_common_fg_20.c:3117:6:mt_battery_update_status	64	static
battery_common_fg_20.c:3672:5:bat_update_thread	112	static
battery_common_fg_20.c:3136:14:mt_charger_type_detection	64	static
battery_common_fg_20.c:3208:13:mt_battery_charger_detect_check	64	static
battery_common_fg_20.c:3186:6:mt_charger_enable_DP_voltage	48	static
battery_common_fg_20.c:3193:14:mt_get_charger_type	0	static
battery_common_fg_20.c:3361:6:update_battery_2nd_info	32	static
battery_common_fg_20.c:3378:6:do_chrdet_int_task	64	static
battery_common_fg_20.c:3661:6:bat_thread_wakeup	32	static
battery_common_fg_20.c:4059:22:battery_kthread_hrtimer_func	16	static
battery_common_fg_20.c:3692:6:bat_update_thread_wakeup	32	static
battery_common_fg_20.c:3932:6:check_battery_exist	64	static
battery_common_fg_20.c:3511:6:BAT_thread	64	static
battery_common_fg_20.c:3612:5:bat_routine_thread	144	static
battery_common_fg_20.c:4816:13:battery_timer_resume	80	static
battery_common_fg_20.c:5462:12:battery_pm_event	48	static
battery_common_fg_20.c:3971:5:charger_hv_detect_sw_thread_handler	144	static
battery_common_fg_20.c:4038:6:charger_hv_detect_sw_workaround_init	32	static
battery_common_fg_20.c:4066:6:battery_kthread_hrtimer_init	32	static
battery_common_fg_20.c:4145:5:__batt_init_cust_data_from_cust_header	0	static
battery_common_fg_20.c:4552:12:battery_probe	64	static
battery_common_fg_20.c:4541:5:batt_init_cust_data	16	static
