battery_meter_fg_20.c:3159:16:store_FG_g_fg_dbg_percentage_voltmode	0	static
battery_meter_fg_20.c:3724:13:battery_meter_shutdown	0	static
battery_meter_fg_20.c:2570:16:fgadc_log_write	48	static
battery_meter_fg_20.c:3543:16:store_FG_daemon_disable	32	static
battery_meter_fg_20.c:4825:13:nl_send_to_user	64	static
battery_meter_fg_20.c:3949:12:battery_meter_dts_probe	32	static
battery_meter_fg_20.c:3570:16:store_FG_drv_force25c	64	static
battery_meter_fg_20.c:3513:16:store_FG_daemon_log_level	64	static
battery_meter_fg_20.c:3239:16:store_FG_difference_voltage_update	64	static
battery_meter_fg_20.c:3210:16:store_FG_ocv_check_time	64	static
battery_meter_fg_20.c:3564:16:show_FG_drv_force25c	32	static
battery_meter_fg_20.c:3537:16:show_FG_daemon_disable	32	static
battery_meter_fg_20.c:3506:16:show_FG_daemon_log_level	32	static
battery_meter_fg_20.c:3476:16:show_FG_shutdown_gauge1_mins	32	static
battery_meter_fg_20.c:3445:16:show_FG_shutdown_gauge1_xmins	32	static
battery_meter_fg_20.c:3417:16:show_FG_shutdown_gauge0	32	static
battery_meter_fg_20.c:3386:16:show_FG_discharge_tracking_time	32	static
battery_meter_fg_20.c:3356:16:show_FG_charge_tracking_time	32	static
battery_meter_fg_20.c:3325:16:show_FG_shutdown_system_voltage	32	static
battery_meter_fg_20.c:3293:16:show_FG_aging1_update_soc	32	static
battery_meter_fg_20.c:3263:16:show_FG_aging1_load_soc	32	static
battery_meter_fg_20.c:3232:16:show_FG_difference_voltage_update	32	static
battery_meter_fg_20.c:3204:16:show_FG_ocv_check_time	32	static
battery_meter_fg_20.c:3172:16:show_FG_suspend_current_threshold	32	static
battery_meter_fg_20.c:3152:16:show_FG_g_fg_dbg_percentage_voltmode	32	static
battery_meter_fg_20.c:3119:16:show_FG_g_fg_dbg_percentage_uisoc	32	static
battery_meter_fg_20.c:3136:16:show_FG_g_fg_dbg_percentage_fg	32	static
battery_meter_fg_20.c:3103:16:show_FG_g_fg_dbg_percentage	32	static
battery_meter_fg_20.c:3089:16:show_FG_g_fg_dbg_d1	32	static
battery_meter_fg_20.c:3075:16:show_FG_g_fg_dbg_d0	32	static
battery_meter_fg_20.c:3059:16:show_FG_g_fg_dbg_bat_qmax	32	static
battery_meter_fg_20.c:3044:16:show_FG_g_fg_dbg_bat_car	32	static
battery_meter_fg_20.c:3030:16:show_FG_g_fg_dbg_bat_r	32	static
battery_meter_fg_20.c:3014:16:show_FG_g_fg_dbg_bat_temp	32	static
battery_meter_fg_20.c:2999:16:show_FG_g_fg_dbg_bat_zcv	32	static
battery_meter_fg_20.c:2983:16:show_FG_g_fg_dbg_bat_current	32	static
battery_meter_fg_20.c:2967:16:show_FG_g_fg_dbg_bat_volt	32	static
battery_meter_fg_20.c:2939:16:show_FG_Current	48	static
battery_meter_fg_20.c:3483:16:store_FG_shutdown_gauge1_mins	64	static
battery_meter_fg_20.c:3452:16:store_FG_shutdown_gauge1_xmins	64	static
battery_meter_fg_20.c:3423:16:store_FG_shutdown_gauge0	64	static
battery_meter_fg_20.c:3393:16:store_FG_discharge_tracking_time	64	static
battery_meter_fg_20.c:3363:16:store_FG_charge_tracking_time	64	static
battery_meter_fg_20.c:3332:16:store_FG_shutdown_system_voltage	64	static
battery_meter_fg_20.c:3300:16:store_FG_aging1_update_soc	64	static
battery_meter_fg_20.c:3269:16:store_FG_aging1_load_soc	64	static
battery_meter_fg_20.c:3179:16:store_FG_suspend_current_threshold	64	static
battery_meter_fg_20.c:4927:19:battery_meter_init	96	static
battery_meter_fg_20.c:3718:12:battery_meter_remove	16	static
battery_meter_fg_20.c:3143:16:store_FG_g_fg_dbg_percentage_fg	0	static
battery_meter_fg_20.c:2958:16:store_FG_Current	0	static
battery_meter_fg_20.c:2974:16:store_FG_g_fg_dbg_bat_volt	0	static
battery_meter_fg_20.c:2990:16:store_FG_g_fg_dbg_bat_current	0	static
battery_meter_fg_20.c:3006:16:store_FG_g_fg_dbg_bat_zcv	0	static
battery_meter_fg_20.c:3021:16:store_FG_g_fg_dbg_bat_temp	0	static
battery_meter_fg_20.c:3036:16:store_FG_g_fg_dbg_bat_r	0	static
battery_meter_fg_20.c:3051:16:store_FG_g_fg_dbg_bat_car	0	static
battery_meter_fg_20.c:3066:16:store_FG_g_fg_dbg_bat_qmax	0	static
battery_meter_fg_20.c:3081:16:store_FG_g_fg_dbg_d0	0	static
battery_meter_fg_20.c:3095:16:store_FG_g_fg_dbg_d1	0	static
battery_meter_fg_20.c:3110:16:store_FG_g_fg_dbg_percentage	0	static
battery_meter_fg_20.c:3126:16:store_FG_g_fg_dbg_percentage_uisoc	0	static
battery_meter_fg_20.c:119:6:battery_meter_set_init_flag	0	static
battery_meter_fg_20.c:124:6:battery_meter_reset_sleep_time	0	static
battery_meter_fg_20.c:586:5:__batt_meter_init_cust_data_from_cust_header	64	static
battery_meter_fg_20.c:901:5:__batt_meter_init_cust_data_from_dt	64	static
battery_meter_fg_20.c:1364:5:batt_meter_init_cust_data	16	static
battery_meter_fg_20.c:1373:5:get_r_fg_value	0	static
battery_meter_fg_20.c:1537:5:BattThermistorConverTemp	0	static
battery_meter_fg_20.c:1575:12:fgauge_get_Q_max	32	static
battery_meter_fg_20.c:1637:12:fgauge_get_Q_max_high_current	32	static
battery_meter_fg_20.c:1700:5:BattVoltToTemp	48	static
battery_meter_fg_20.c:1737:5:force_get_tbat	64	static
battery_meter_fg_20.c:1809:6:update_fg_dbg_tool_value	32	static
battery_meter_fg_20.c:1839:6:fgauge_algo_run_get_init_data	80	static
battery_meter_fg_20.c:1911:12:get_dynamic_period	48	static
battery_meter_fg_20.c:2097:12:battery_meter_get_battery_voltage	48	static
battery_meter_fg_20.c:2123:5:battery_meter_get_low_battery_interrupt_status	32	static
battery_meter_fg_20.c:2139:12:battery_meter_get_charging_current_imm	16	static
battery_meter_fg_20.c:2158:12:battery_meter_get_charging_current	16	static
battery_meter_fg_20.c:2260:12:battery_meter_get_qmax	0	static
battery_meter_fg_20.c:2265:12:battery_meter_get_design_qmax	0	static
battery_meter_fg_20.c:2272:12:battery_meter_get_battery_current	32	static
battery_meter_fg_20.c:2285:10:battery_meter_get_battery_current_sign	32	static
battery_meter_fg_20.c:2300:12:battery_meter_get_battery_current_now	48	static
battery_meter_fg_20.c:2319:12:battery_meter_get_car	32	static
battery_meter_fg_20.c:2337:12:battery_meter_get_battery_temperature	16	static
battery_meter_fg_20.c:2353:12:battery_meter_get_charger_voltage	32	static
battery_meter_fg_20.c:2365:12:battery_meter_get_battery_percentage	0	static
battery_meter_fg_20.c:2419:12:battery_meter_sync	0	static
battery_meter_fg_20.c:2429:12:battery_meter_get_battery_zcv	0	static
battery_meter_fg_20.c:2438:12:battery_meter_get_battery_nPercent_zcv	0	static
battery_meter_fg_20.c:2447:12:battery_meter_get_battery_nPercent_UI_SOC	0	static
battery_meter_fg_20.c:2456:12:battery_meter_get_tempR	0	static
battery_meter_fg_20.c:2469:12:battery_meter_get_tempV	32	static
battery_meter_fg_20.c:2483:12:battery_meter_get_VSense	32	static
battery_meter_fg_20.c:2497:12:battery_meter_meta_tool_cali_car_tune	64	static
battery_meter_fg_20.c:2616:5:init_proc_log_fg	16	static
battery_meter_fg_20.c:3635:12:battery_meter_probe	48	static
battery_meter_fg_20.c:3625:12:battery_meter_set_columb_interrupt	32	static
battery_meter_fg_20.c:3729:12:battery_meter_suspend	64	static
battery_meter_fg_20.c:4772:5:dod_init_in_kernel	32	static
battery_meter_fg_20.c:3981:6:bmd_ctrl_cmd_from_user	96	static
battery_meter_fg_20.c:4858:13:nl_data_handler	64	static
battery_meter_fg_20.c:4895:5:wakeup_fg_algo	48	static
battery_meter_fg_20.c:2379:12:battery_meter_initial	32	static
battery_meter_fg_20.c:3602:6:fg_bat_int_handler	32	static
battery_meter_fg_20.c:3798:12:battery_meter_resume	96	static
