switch_charging.c:717:21:charging_full_check	32	static
switch_charging.c:744:12:mtk_check_aicr_upper_bound	16	static
switch_charging.c:100:14:get_cv_voltage	0	static
switch_charging.c:129:6:BATTERY_SetUSBState	32	static
switch_charging.c:147:14:get_charging_setting_current	0	static
switch_charging.c:152:5:mtk_get_dynamic_cv	0	static
switch_charging.c:272:12:do_jeita_state_machine	48	static
switch_charging.c:455:6:get_usb_current_unlimited	0	static
switch_charging.c:463:6:set_usb_current_unlimited	0	static
switch_charging.c:470:14:set_chr_input_current_limit	64	static
switch_charging.c:606:5:mtk_chr_reset_aicr_upper_bound	0	static
switch_charging.c:612:5:set_chr_boost_current_limit	32	static
switch_charging.c:622:5:set_chr_enable_otg	32	static
switch_charging.c:631:5:mtk_chr_get_tchr	48	static
switch_charging.c:646:5:mtk_chr_get_soc	0	static
switch_charging.c:658:5:mtk_chr_get_ui_soc	0	static
switch_charging.c:671:5:mtk_chr_get_vbat	0	static
switch_charging.c:683:5:mtk_chr_get_ibat	0	static
switch_charging.c:689:5:mtk_chr_get_vbus	0	static
switch_charging.c:700:5:mtk_chr_get_aicr	48	static
switch_charging.c:711:5:mtk_chr_is_charger_exist	0	static
switch_charging.c:759:6:select_charging_current	48	static
switch_charging.c:864:6:select_charging_current_bcct	16	static
switch_charging.c:930:13:mtk_select_ichg_aicr	80	static
switch_charging.c:553:14:set_bat_charging_current_limit	64	static
switch_charging.c:1072:13:pchr_turn_on_charging	48	static
switch_charging.c:1123:12:BAT_PreChargeModeAction	48	static
switch_charging.c:1196:12:BAT_ConstantCurrentModeAction	48	static
switch_charging.c:1226:12:BAT_BatteryFullAction	64	static
switch_charging.c:1274:12:BAT_BatteryHoldAction	48	static
switch_charging.c:1302:12:BAT_BatteryStatusFailAction	32	static
switch_charging.c:1357:6:mt_battery_charging_algorithm	32	static
