mtk_cooler_cam.c:318:12:mtk_cl_cam_urgent_get_max_state	0	static
mtk_cooler_cam.c:324:12:mtk_cl_cam_urgent_get_cur_state	0	static
mtk_cooler_cam.c:371:13:mtk_cooler_cam_unregister_ltf	32	static
mtk_cooler_cam.c:474:20:mtk_cooler_cam_exit	32	static
mtk_cooler_cam.c:304:12:_cl_cam_status_open	32	static
mtk_cooler_cam.c:116:12:_cl_cam_open	32	static
mtk_cooler_cam.c:251:12:_mtk_cl_cam_pid_open	32	static
mtk_cooler_cam.c:277:16:_cl_cam_status_write	176	static
mtk_cooler_cam.c:89:16:_cl_cam_write	288	static
mtk_cooler_cam.c:216:16:_mtk_cl_cam_pid_write	288	static
mtk_cooler_cam.c:408:19:mtk_cooler_cam_init	80	static
mtk_cooler_cam.c:131:12:cam_send_signal	176	static
mtk_cooler_cam.c:176:12:mtk_cl_cam_set_cur_state	48	static
mtk_cooler_cam.c:296:12:_cl_cam_status_read	32	static
mtk_cooler_cam.c:108:12:_cl_cam_read	32	static
mtk_cooler_cam.c:242:12:_mtk_cl_cam_pid_read	32	static
mtk_cooler_cam.c:164:12:mtk_cl_cam_get_max_state	0	static
mtk_cooler_cam.c:170:12:mtk_cl_cam_get_cur_state	0	static
mtk_cooler_cam.c:330:12:mtk_cl_cam_urgent_set_cur_state	0	static
