accdet.c:145:6:accdet_state_reset	16	static
accdet.c:132:6:accdet_detect	32	static
accdet.c:327:13:disable_micbias	16	static
accdet.c:1411:12:dbug_thread	80	static
accdet.c:672:13:send_key_event	32	static
accdet.c:365:13:accdet_eint_work_callback	80	static
accdet.c:1395:16:show_pin_recognition_state	32	static
accdet.c:1425:16:store_accdet_start_debug_thread	48	static
accdet.c:336:13:disable_micbias_callback	80	static
accdet.c:1707:13:mt_accdet_pm_disable	48	static
accdet.c:226:12:Accdet_PMIC_IMM_GetOneChannelValue.isra.4	48	static
accdet.c:698:13:multi_key_detection	64	static
accdet.c:1124:13:accdet_work_callback	96	static
accdet.c:1362:16:accdet_store_call_state	48	static
accdet.c:1470:16:store_accdet_dump_register	48	static
accdet.c:1453:16:store_accdet_set_headset_mode	48	static
accdet.c:187:13:accdet_timeout_ns.constprop	48	static
accdet.c:155:5:accdet_get_cable_type	0	static
accdet.c:160:6:accdet_auxadc_switch	32	static
accdet.c:737:5:accdet_irq_handler	64	static
accdet.c:1527:6:accdet_int_handler	32	static
accdet.c:1537:6:accdet_eint_int_handler	32	static
accdet.c:1151:6:accdet_get_dts_data	112	static
accdet.c:1192:6:accdet_pmic_Read_Efuse_HPOffset	16	static
accdet.c:1547:5:mt_accdet_probe	272	static
accdet.c:1660:6:mt_accdet_remove	32	static
accdet.c:1678:6:mt_accdet_suspend	48	static
accdet.c:1689:6:mt_accdet_resume	48	static
accdet.c:1727:6:mt_accdet_pm_restore_noirq	64	static
accdet.c:1802:6:mt_accdet_unlocked_ioctl	32	static
