otm1906a_fhd_dsi_vdo_6inch_innolux.c:600:13:lcm_resume_power_innolux	0	static
otm1906a_fhd_dsi_vdo_6inch_innolux.c:653:13:lcm_update_innolux	112	static
otm1906a_fhd_dsi_vdo_6inch_innolux.c:689:21:lcm_compare_id_innolux	0	static
otm1906a_fhd_dsi_vdo_6inch_innolux.c:786:14:lcm_ata_check_innolux	80	static
otm1906a_fhd_dsi_vdo_6inch_innolux.c:756:21:lcm_esd_check_innolux	64	static
otm1906a_fhd_dsi_vdo_6inch_innolux.c:430:13:lcm_get_params_innolux	32	static
otm1906a_fhd_dsi_vdo_6inch_innolux.c:422:13:lcm_set_util_funcs_innolux	16	static
otm1906a_fhd_dsi_vdo_6inch_innolux.c:857:7:lcm_switch_mode_innolux	0	static
otm1906a_fhd_dsi_vdo_6inch_innolux.c:383:13:push_table_innolux.constprop	48	static
otm1906a_fhd_dsi_vdo_6inch_innolux.c:608:13:lcm_init_innolux	32	static
otm1906a_fhd_dsi_vdo_6inch_innolux.c:642:13:lcm_resume_innolux	32	static
otm1906a_fhd_dsi_vdo_6inch_innolux.c:841:13:lcm_setbacklight_innolux	32	static
otm1906a_fhd_dsi_vdo_6inch_innolux.c:629:13:lcm_suspend_innolux	32	static
otm1906a_fhd_dsi_vdo_6inch_innolux.c:592:13:lcm_suspend_power_innolux	0	static
otm1906a_fhd_dsi_vdo_6inch_innolux.c:587:13:lcm_init_power_innolux	0	static
