imx234mipi_Sensor.c:2046:19:close	16	static
imx234mipi_Sensor.c:2220:19:get_resolution	32	static
imx234mipi_Sensor.c:2244:19:get_info	32	static
imx234mipi_Sensor.c:1352:13:capture_setting	144	static
imx234mipi_Sensor.c:1716:13:hs_video_setting	160	static
imx234mipi_Sensor.c:1798:13:slim_video_setting	144	static
imx234mipi_Sensor.c:1187:13:preview_setting	144	static
imx234mipi_Sensor.c:582:13:set_max_framerate	80	static
imx234mipi_Sensor.c:611:13:write_shutter	80	static
imx234mipi_Sensor.c:916:19:set_gain	80	static
imx234mipi_Sensor.c:1111:13:sensor_init	128	static
imx234mipi_Sensor.c:514:19:read_cmos_sensor	32	static
imx234mipi_Sensor.c:548:19:return_sensor_id	80	static
imx234mipi_Sensor.c:1971:19:open	96	static
imx234mipi_Sensor.c:2535:19:feature_control	112	static
imx234mipi_Sensor.c:1629:13:normal_video_setting.isra.2	160	static
imx234mipi_Sensor.c:2073:19:preview.isra.6	32	static
imx234mipi_Sensor.c:2347:19:control	48	static
imx234mipi_Sensor.c:2663:8:IMX234_MIPI_RAW_SensorInit	32	static
