disp_lcm.c:28:5:_lcm_count	0	static
disp_lcm.c:33:5:_is_lcm_inited	16	static
disp_lcm.c:46:13:_get_lcm_params_by_handle	32	static
disp_lcm.c:54:13:_get_lcm_driver_by_handle	32	static
disp_lcm.c:62:6:_dump_lcm_info	64	static
disp_lcm.c:162:18:disp_lcm_probe	96	static
disp_lcm.c:277:5:disp_lcm_init	48	static
disp_lcm.c:322:13:disp_lcm_get_params	32	static
disp_lcm.c:331:18:disp_lcm_get_interface_id	32	static
disp_lcm.c:365:5:disp_lcm_esd_check	48	static
disp_lcm.c:388:5:disp_lcm_esd_recover	48	static
disp_lcm.c:412:5:check_fota_boot	32	static
disp_lcm.c:428:5:disp_lcm_suspend	48	static
disp_lcm.c:469:5:disp_lcm_resume	48	static
disp_lcm.c:500:5:disp_lcm_set_backlight	48	static
disp_lcm.c:520:5:disp_lcm_ioctl	0	static
disp_lcm.c:525:5:disp_lcm_is_inited	32	static
disp_lcm.c:533:14:disp_lcm_ATA	48	static
disp_lcm.c:555:7:disp_lcm_switch_mode	32	static
disp_lcm.c:579:5:disp_lcm_is_video_mode	32	static
disp_lcm.c:341:5:disp_lcm_update	80	static
disp_lcm.c:618:5:disp_lcm_set_lcm_cmd	64	static
